 MyOS_GUI_Shell

 Timestamp is 5f04c6aa (Tue Jul  7 15:02:02 2020)

 Preferred load address is 00c00000

 Start         Length     Name                   Class
 0001:00000000 000e9472H .text$mn                CODE
 0002:00000000 000047b0H .rdata                  DATA
 0002:000047b0 00000000H .edata                  DATA
 0002:000047b0 00000088H .rdata$zzzdbg           DATA
 0003:00000000 000082a0H .data                   DATA
 0003:000082a0 00015928H .bss                    DATA
 0004:00000000 00000060H .rsrc$01                DATA
 0004:00000060 00000180H .rsrc$02                DATA

  Address         Publics by Value              Rva+Base       Lib:Object

 0000:00000000       ___guard_flags             00000000     <absolute>
 0000:00000000       ___guard_iat_count         00000000     <absolute>
 0000:00000000       ___dynamic_value_reloc_table 00000000     <absolute>
 0000:00000000       ___guard_fids_count        00000000     <absolute>
 0000:00000000       ___guard_longjmp_count     00000000     <absolute>
 0000:00000000       ___guard_fids_table        00000000     <absolute>
 0000:00000000       ___guard_iat_table         00000000     <absolute>
 0000:00000000       ___guard_longjmp_table     00000000     <absolute>
 0001:00000000       ??2@YAPAXI@Z               00c01000 f   CPP_Support.obj
 0001:00000020       ??3@YAXPAX@Z               00c01020 f   CPP_Support.obj
 0001:00000040       ??3@YAXPAXI@Z              00c01040 f   CPP_Support.obj
 0001:00000060       ??_U@YAPAXI@Z              00c01060 f   CPP_Support.obj
 0001:00000080       ??_V@YAXPAX@Z              00c01080 f   CPP_Support.obj
 0001:000000a0       _SystemCallExit            00c010a0 f   System_Calls.obj
 0001:000000b0       _SystemCallFClose          00c010b0 f   System_Calls.obj
 0001:000000e0       _SystemCallFOpen           00c010e0 f   System_Calls.obj
 0001:00000110       _SystemCallFRead           00c01110 f   System_Calls.obj
 0001:00000140       _SystemCallFSeek           00c01140 f   System_Calls.obj
 0001:00000170       _SystemCallFTell           00c01170 f   System_Calls.obj
 0001:000001a0       _SystemCallLaunchApp       00c011a0 f   System_Calls.obj
 0001:000001d0       _SystemCallPageAllocator   00c011d0 f   System_Calls.obj
 0001:000001f0       _SystemCallGetGraphicsInfo 00c011f0 f   System_Calls.obj
 0001:00000210       _SystemCallGetMouseState   00c01210 f   System_Calls.obj
 0001:00000250       _SystemCallGraphicsBlit    00c01250 f   System_Calls.obj
 0001:00000270       _SystemCallHideShellDisplay 00c01270 f   System_Calls.obj
 0001:00000280       _SystemCallPrint           00c01280 f   System_Calls.obj
 0001:000002a0       _SystemCallReadFromKeyboard 00c012a0 f   System_Calls.obj
 0001:000002d0       _SystemCallRegisterGuiCallback 00c012d0 f   System_Calls.obj
 0001:000002f0       _SystemCallPrintf          00c012f0 f   System_Calls.obj
 0001:00000330       _SystemCallTimeDelayMS     00c01330 f   System_Calls.obj
 0001:00000350       _SystemCallTimeGetUptimeMS 00c01350 f   System_Calls.obj
 0001:00000380       _SDL_MemoryBarrierReleaseFunction 00c01380 f   SDL_atomic.obj
 0001:00000390       _SDL_MemoryBarrierAcquireFunction 00c01390 f   SDL_atomic.obj
 0001:000003a0       _SDL_AtomicCAS             00c013a0 f   SDL_atomic.obj
 0001:000003f0       _SDL_AtomicSet             00c013f0 f   SDL_atomic.obj
 0001:00000420       _SDL_AtomicGet             00c01420 f   SDL_atomic.obj
 0001:00000450       _SDL_AtomicAdd             00c01450 f   SDL_atomic.obj
 0001:00000480       _SDL_AtomicCASPtr          00c01480 f   SDL_atomic.obj
 0001:000004d0       _SDL_AtomicSetPtr          00c014d0 f   SDL_atomic.obj
 0001:00000500       _SDL_AtomicGetPtr          00c01500 f   SDL_atomic.obj
 0001:00000590       _SDL_AtomicTryLock         00c01590 f   SDL_spinlock.obj
 0001:00000600       _SDL_AtomicLock            00c01600 f   SDL_spinlock.obj
 0001:00000610       _SDL_AtomicUnlock          00c01610 f   SDL_spinlock.obj
 0001:000006b0       _SDL_GetNumAudioDrivers    00c016b0 f   SDL_audio.obj
 0001:000006c0       _SDL_GetAudioDriver        00c016c0 f   SDL_audio.obj
 0001:000006f0       _SDL_AudioInit             00c016f0 f   SDL_audio.obj
 0001:00000880       _SDL_AudioQuit             00c01880 f   SDL_audio.obj
 0001:00000930       _SDL_GetCurrentAudioDriver 00c01930 f   SDL_audio.obj
 0001:00000940       _SDL_OpenAudio             00c01940 f   SDL_audio.obj
 0001:00000a20       _SDL_GetNumAudioDevices    00c01a20 f   SDL_audio.obj
 0001:00000ae0       _SDL_GetAudioDeviceName    00c01ae0 f   SDL_audio.obj
 0001:00000c00       _SDL_OpenAudioDevice       00c01c00 f   SDL_audio.obj
 0001:00000c30       _SDL_GetAudioStatus        00c01c30 f   SDL_audio.obj
 0001:00000c40       _SDL_GetAudioDeviceStatus  00c01c40 f   SDL_audio.obj
 0001:00000ca0       _SDL_PauseAudio            00c01ca0 f   SDL_audio.obj
 0001:00000cc0       _SDL_PauseAudioDevice      00c01cc0 f   SDL_audio.obj
 0001:00000d30       _SDL_MixAudio              00c01d30 f   SDL_audio.obj
 0001:00000d70       _SDL_QueueAudio            00c01d70 f   SDL_audio.obj
 0001:00000e10       _SDL_DequeueAudio          00c01e10 f   SDL_audio.obj
 0001:00000e90       _SDL_GetQueuedAudioSize    00c01e90 f   SDL_audio.obj
 0001:00000f10       _SDL_ClearQueuedAudio      00c01f10 f   SDL_audio.obj
 0001:00000f60       _SDL_LockAudio             00c01f60 f   SDL_audio.obj
 0001:00000f70       _SDL_LockAudioDevice       00c01f70 f   SDL_audio.obj
 0001:00000fa0       _SDL_UnlockAudio           00c01fa0 f   SDL_audio.obj
 0001:00000fb0       _SDL_UnlockAudioDevice     00c01fb0 f   SDL_audio.obj
 0001:00000fe0       _SDL_CloseAudio            00c01fe0 f   SDL_audio.obj
 0001:00000ff0       _SDL_CloseAudioDevice      00c01ff0 f   SDL_audio.obj
 0001:00001010       _SDL_FirstAudioFormat      00c02010 f   SDL_audio.obj
 0001:00001070       _SDL_NextAudioFormat       00c02070 f   SDL_audio.obj
 0001:000010c0       _SDL_CalculateAudioSpec    00c020c0 f   SDL_audio.obj
 0001:00001130       _SDL_AddAudioDevice        00c02130 f   SDL_audio.obj
 0001:000011c0       _SDL_RemoveAudioDevice     00c021c0 f   SDL_audio.obj
 0001:00001280       _SDL_OpenedAudioDeviceDisconnected 00c02280 f   SDL_audio.obj
 0001:00002d30       _SDL_BuildAudioCVT         00c03d30 f   SDL_audiocvt.obj
 0001:000032f0       _SDL_ConvertAudio          00c042f0 f   SDL_audiocvt.obj
 0001:00003360       _SDL_NewAudioStream        00c04360 f   SDL_audiocvt.obj
 0001:00003750       _SDL_AudioStreamPut        00c04750 f   SDL_audiocvt.obj
 0001:00003930       _SDL_AudioStreamGet        00c04930 f   SDL_audiocvt.obj
 0001:000039c0       _SDL_AudioStreamAvailable  00c049c0 f   SDL_audiocvt.obj
 0001:000039f0       _SDL_AudioStreamFlush      00c049f0 f   SDL_audiocvt.obj
 0001:00003b70       _SDL_AudioStreamClear      00c04b70 f   SDL_audiocvt.obj
 0001:00003bf0       _SDL_FreeAudioStream       00c04bf0 f   SDL_audiocvt.obj
 0001:00003c70       _SDL_PrepareResampleFilter 00c04c70 f   SDL_audiocvt.obj
 0001:00003d70       _SDL_FreeResampleFilter    00c04d70 f   SDL_audiocvt.obj
 0001:00005eb0       _SDL_Swap16                00c06eb0 f i SDL_audiocvt.obj
 0001:00005ed0       _SDL_Swap32                00c06ed0 f i SDL_audiocvt.obj
 0001:00005f00       _SDL_Swap64                00c06f00 f i SDL_audiocvt.obj
 0001:00005f80       _SDL_ChooseAudioConverters 00c06f80 f   SDL_audiotypecvt.obj
 0001:00008020       _SDL_MixAudioFormat        00c09020 f   SDL_mixer.obj
 0001:00008b40       _SDL_SwapFloat             00c09b40 f i SDL_mixer.obj
 0001:00008b60       _SDL_LoadWAV_RW            00c09b60 f   SDL_wave.obj
 0001:000090f0       _SDL_FreeWAV               00c0a0f0 f   SDL_wave.obj
 0001:0000a420       _SDL_GetCPUCount           00c0b420 f   SDL_cpuinfo.obj
 0001:0000a450       _SDL_GetCPUCacheLineSize   00c0b450 f   SDL_cpuinfo.obj
 0001:0000a4e0       _SDL_HasRDTSC              00c0b4e0 f   SDL_cpuinfo.obj
 0001:0000a510       _SDL_HasAltiVec            00c0b510 f   SDL_cpuinfo.obj
 0001:0000a540       _SDL_HasMMX                00c0b540 f   SDL_cpuinfo.obj
 0001:0000a570       _SDL_Has3DNow              00c0b570 f   SDL_cpuinfo.obj
 0001:0000a5a0       _SDL_HasSSE                00c0b5a0 f   SDL_cpuinfo.obj
 0001:0000a5d0       _SDL_HasSSE2               00c0b5d0 f   SDL_cpuinfo.obj
 0001:0000a600       _SDL_HasSSE3               00c0b600 f   SDL_cpuinfo.obj
 0001:0000a630       _SDL_HasSSE41              00c0b630 f   SDL_cpuinfo.obj
 0001:0000a660       _SDL_HasSSE42              00c0b660 f   SDL_cpuinfo.obj
 0001:0000a690       _SDL_HasAVX                00c0b690 f   SDL_cpuinfo.obj
 0001:0000a6c0       _SDL_HasAVX2               00c0b6c0 f   SDL_cpuinfo.obj
 0001:0000a6f0       _SDL_HasAVX512F            00c0b6f0 f   SDL_cpuinfo.obj
 0001:0000a720       _SDL_HasNEON               00c0b720 f   SDL_cpuinfo.obj
 0001:0000a750       _SDL_GetSystemRAM          00c0b750 f   SDL_cpuinfo.obj
 0001:0000a760       _SDL_SIMDGetAlignment      00c0b760 f   SDL_cpuinfo.obj
 0001:0000a780       _SDL_SIMDAlloc             00c0b780 f   SDL_cpuinfo.obj
 0001:0000a810       _SDL_SIMDFree              00c0b810 f   SDL_cpuinfo.obj
 0001:0000afa0       _SDL_SendClipboardUpdate   00c0bfa0 f   SDL_clipboardevents.obj
 0001:0000b000       _SDL_SendDisplayEvent      00c0c000 f   SDL_displayevents.obj
 0001:0000b0b0       _SDL_SendDropFile          00c0c0b0 f   SDL_dropevents.obj
 0001:0000b0d0       _SDL_SendDropText          00c0c0d0 f   SDL_dropevents.obj
 0001:0000b0f0       _SDL_SendDropComplete      00c0c0f0 f   SDL_dropevents.obj
 0001:0000b2b0       _SDL_PumpEvents            00c0c2b0 f   SDL_events.obj
 0001:0000b2e0       _SDL_PeepEvents            00c0c2e0 f   SDL_events.obj
 0001:0000b500       _SDL_HasEvent              00c0c500 f   SDL_events.obj
 0001:0000b540       _SDL_HasEvents             00c0c540 f   SDL_events.obj
 0001:0000b580       _SDL_FlushEvent            00c0c580 f   SDL_events.obj
 0001:0000b5a0       _SDL_FlushEvents           00c0c5a0 f   SDL_events.obj
 0001:0000b640       _SDL_PollEvent             00c0c640 f   SDL_events.obj
 0001:0000b660       _SDL_WaitEvent             00c0c660 f   SDL_events.obj
 0001:0000b680       _SDL_WaitEventTimeout      00c0c680 f   SDL_events.obj
 0001:0000b710       _SDL_PushEvent             00c0c710 f   SDL_events.obj
 0001:0000b8f0       _SDL_SetEventFilter        00c0c8f0 f   SDL_events.obj
 0001:0000b950       _SDL_GetEventFilter        00c0c950 f   SDL_events.obj
 0001:0000b9f0       _SDL_AddEventWatch         00c0c9f0 f   SDL_events.obj
 0001:0000baa0       _SDL_DelEventWatch         00c0caa0 f   SDL_events.obj
 0001:0000bba0       _SDL_FilterEvents          00c0cba0 f   SDL_events.obj
 0001:0000bc20       _SDL_EventState            00c0cc20 f   SDL_events.obj
 0001:0000bdd0       _SDL_RegisterEvents        00c0cdd0 f   SDL_events.obj
 0001:0000be20       _SDL_StartEventLoop        00c0ce20 f   SDL_events.obj
 0001:0000be70       _SDL_StopEventLoop         00c0ce70 f   SDL_events.obj
 0001:0000c0a0       _SDL_SendAppEvent          00c0d0a0 f   SDL_events.obj
 0001:0000c100       _SDL_SendSysWMEvent        00c0d100 f   SDL_events.obj
 0001:0000c170       _SDL_SendKeymapChangedEvent 00c0d170 f   SDL_events.obj
 0001:0000c190       _SDL_EventsInit            00c0d190 f   SDL_events.obj
 0001:0000c1e0       _SDL_EventsQuit            00c0d1e0 f   SDL_events.obj
 0001:0000d9b0       _SDL_RecordGesture         00c0e9b0 f   SDL_gesture.obj
 0001:0000da80       _SDL_SaveAllDollarTemplates 00c0ea80 f   SDL_gesture.obj
 0001:0000db10       _SDL_SaveDollarTemplate    00c0eb10 f   SDL_gesture.obj
 0001:0000dbd0       _SDL_LoadDollarTemplates   00c0ebd0 f   SDL_gesture.obj
 0001:0000dd50       _SDL_GestureAddTouch       00c0ed50 f   SDL_gesture.obj
 0001:0000dde0       _SDL_GestureDelTouch       00c0ede0 f   SDL_gesture.obj
 0001:0000dec0       _SDL_GestureProcessEvent   00c0eec0 f   SDL_gesture.obj
 0001:0000e490       _SDL_GestureQuit           00c0f490 f   SDL_gesture.obj
 0001:0000f060       _SDL_GetKeyboardFocus      00c10060 f   SDL_keyboard.obj
 0001:0000f080       _SDL_GetKeyboardState      00c10080 f   SDL_keyboard.obj
 0001:0000f0b0       _SDL_GetModState           00c100b0 f   SDL_keyboard.obj
 0001:0000f0d0       _SDL_SetModState           00c100d0 f   SDL_keyboard.obj
 0001:0000f0f0       _SDL_GetKeyFromScancode    00c100f0 f   SDL_keyboard.obj
 0001:0000f140       _SDL_GetScancodeFromKey    00c10140 f   SDL_keyboard.obj
 0001:0000f190       _SDL_GetScancodeName       00c10190 f   SDL_keyboard.obj
 0001:0000f1e0       _SDL_GetScancodeFromName   00c101e0 f   SDL_keyboard.obj
 0001:0000f270       _SDL_GetKeyName            00c10270 f   SDL_keyboard.obj
 0001:0000f3e0       _SDL_GetKeyFromName        00c103e0 f   SDL_keyboard.obj
 0001:0000f5e0       _SDL_KeyboardInit          00c105e0 f   SDL_keyboard.obj
 0001:0000f610       _SDL_ResetKeyboard         00c10610 f   SDL_keyboard.obj
 0001:0000f660       _SDL_GetDefaultKeymap      00c10660 f   SDL_keyboard.obj
 0001:0000f680       _SDL_SetKeymap             00c10680 f   SDL_keyboard.obj
 0001:0000f710       _SDL_SetScancodeName       00c10710 f   SDL_keyboard.obj
 0001:0000f730       _SDL_SetKeyboardFocus      00c10730 f   SDL_keyboard.obj
 0001:0000f850       _SDL_SendKeyboardKey       00c10850 f   SDL_keyboard.obj
 0001:0000fae0       _SDL_SendKeyboardText      00c10ae0 f   SDL_keyboard.obj
 0001:0000fb90       _SDL_SendEditingText       00c10b90 f   SDL_keyboard.obj
 0001:0000fc30       _SDL_KeyboardQuit          00c10c30 f   SDL_keyboard.obj
 0001:0000fc40       _SDL_UCS4ToUTF8            00c10c40 f   SDL_keyboard.obj
 0001:0000ff50       _SDL_ToggleModState        00c10f50 f   SDL_keyboard.obj
 0001:0000ff90       _SDL_GetMouseFocus         00c10f90 f   SDL_mouse.obj
 0001:0000ffb0       _SDL_GetMouseState         00c10fb0 f   SDL_mouse.obj
 0001:0000fff0       _SDL_GetGlobalMouseState   00c10ff0 f   SDL_mouse.obj
 0001:00010050       _SDL_GetRelativeMouseState 00c11050 f   SDL_mouse.obj
 0001:000100a0       _SDL_WarpMouseInWindow     00c110a0 f   SDL_mouse.obj
 0001:00010110       _SDL_WarpMouseGlobal       00c11110 f   SDL_mouse.obj
 0001:00010150       _SDL_SetRelativeMouseMode  00c11150 f   SDL_mouse.obj
 0001:000102b0       _SDL_CaptureMouse          00c112b0 f   SDL_mouse.obj
 0001:00010390       _SDL_GetRelativeMouseMode  00c11390 f   SDL_mouse.obj
 0001:000103b0       _SDL_CreateCursor          00c113b0 f   SDL_mouse.obj
 0001:00010550       _SDL_CreateColorCursor     00c11550 f   SDL_mouse.obj
 0001:00010650       _SDL_CreateSystemCursor    00c11650 f   SDL_mouse.obj
 0001:000106c0       _SDL_SetCursor             00c116c0 f   SDL_mouse.obj
 0001:000107a0       _SDL_GetCursor             00c117a0 f   SDL_mouse.obj
 0001:000107d0       _SDL_GetDefaultCursor      00c117d0 f   SDL_mouse.obj
 0001:00010800       _SDL_FreeCursor            00c11800 f   SDL_mouse.obj
 0001:000108c0       _SDL_ShowCursor            00c118c0 f   SDL_mouse.obj
 0001:00010930       _SDL_MouseInit             00c11930 f   SDL_mouse.obj
 0001:000109f0       _SDL_GetMouse              00c119f0 f   SDL_mouse.obj
 0001:00010a00       _SDL_SetDefaultCursor      00c11a00 f   SDL_mouse.obj
 0001:00010a40       _SDL_SetMouseFocus         00c11a40 f   SDL_mouse.obj
 0001:00010ac0       _SDL_SendMouseMotion       00c11ac0 f   SDL_mouse.obj
 0001:00010b20       _SDL_SendMouseButton       00c11b20 f   SDL_mouse.obj
 0001:00010b50       _SDL_SendMouseButtonClicks 00c11b50 f   SDL_mouse.obj
 0001:00010ba0       _SDL_SendMouseWheel        00c11ba0 f   SDL_mouse.obj
 0001:00010d90       _SDL_MouseQuit             00c11d90 f   SDL_mouse.obj
 0001:00011a40       _SDL_SendQuit              00c12a40 f   SDL_quit.obj
 0001:00011a60       _SDL_SendPendingSignalEvents 00c12a60 f   SDL_quit.obj
 0001:00011a70       _SDL_QuitInit              00c12a70 f   SDL_quit.obj
 0001:00011a80       _SDL_QuitQuit              00c12a80 f   SDL_quit.obj
 0001:00011a90       _SDL_GetNumTouchDevices    00c12a90 f   SDL_touch.obj
 0001:00011aa0       _SDL_GetTouchDevice        00c12aa0 f   SDL_touch.obj
 0001:00011ae0       _SDL_GetTouchDeviceType    00c12ae0 f   SDL_touch.obj
 0001:00011b10       _SDL_GetNumTouchFingers    00c12b10 f   SDL_touch.obj
 0001:00011b40       _SDL_GetTouchFinger        00c12b40 f   SDL_touch.obj
 0001:00011ba0       _SDL_TouchInit             00c12ba0 f   SDL_touch.obj
 0001:00011bb0       _SDL_AddTouch              00c12bb0 f   SDL_touch.obj
 0001:00011ce0       _SDL_GetTouch              00c12ce0 f   SDL_touch.obj
 0001:00011d60       _SDL_SendTouch             00c12d60 f   SDL_touch.obj
 0001:000120f0       _SDL_SendTouchMotion       00c130f0 f   SDL_touch.obj
 0001:00012380       _SDL_DelTouch              00c13380 f   SDL_touch.obj
 0001:00012450       _SDL_TouchQuit             00c13450 f   SDL_touch.obj
 0001:00012730       _SDL_SendWindowEvent       00c13730 f   SDL_windowevents.obj
 0001:00012c30       _SDL_RWFromFile            00c13c30 f   SDL_rwops.obj
 0001:00012ce0       _SDL_RWFromFP              00c13ce0 f   SDL_rwops.obj
 0001:00012d50       _SDL_RWFromMem             00c13d50 f   SDL_rwops.obj
 0001:00012e10       _SDL_RWFromConstMem        00c13e10 f   SDL_rwops.obj
 0001:00012ed0       _SDL_AllocRW               00c13ed0 f   SDL_rwops.obj
 0001:00012f10       _SDL_FreeRW                00c13f10 f   SDL_rwops.obj
 0001:00012f30       _SDL_LoadFile_RW           00c13f30 f   SDL_rwops.obj
 0001:000130b0       _SDL_ReadU8                00c140b0 f   SDL_rwops.obj
 0001:000130e0       _SDL_ReadLE16              00c140e0 f   SDL_rwops.obj
 0001:00013110       _SDL_ReadBE16              00c14110 f   SDL_rwops.obj
 0001:00013150       _SDL_ReadLE32              00c14150 f   SDL_rwops.obj
 0001:00013180       _SDL_ReadBE32              00c14180 f   SDL_rwops.obj
 0001:000131c0       _SDL_ReadLE64              00c141c0 f   SDL_rwops.obj
 0001:00013200       _SDL_ReadBE64              00c14200 f   SDL_rwops.obj
 0001:00013240       _SDL_WriteU8               00c14240 f   SDL_rwops.obj
 0001:00013260       _SDL_WriteLE16             00c14260 f   SDL_rwops.obj
 0001:00013290       _SDL_WriteBE16             00c14290 f   SDL_rwops.obj
 0001:000132c0       _SDL_WriteLE32             00c142c0 f   SDL_rwops.obj
 0001:000132f0       _SDL_WriteBE32             00c142f0 f   SDL_rwops.obj
 0001:00013320       _SDL_WriteLE64             00c14320 f   SDL_rwops.obj
 0001:00013350       _SDL_WriteBE64             00c14350 f   SDL_rwops.obj
 0001:000136a0       _SDL_uclibc_atan2          00c146a0 f   e_atan2.obj
 0001:000139f0       _SDL_uclibc_exp            00c149f0 f   e_exp.obj
 0001:00013ca0       _SDL_uclibc_fmod           00c14ca0 f   e_fmod.obj
 0001:00014120       _SDL_uclibc_log            00c15120 f   e_log.obj
 0001:00014400       _SDL_uclibc_log10          00c15400 f   e_log10.obj
 0001:00014540       _SDL_uclibc_pow            00c15540 f   e_pow.obj
 0001:000150b0       ___ieee754_rem_pio2        00c160b0 f   e_rem_pio2.obj
 0001:00015620       _SDL_uclibc_sqrt           00c16620 f   e_sqrt.obj
 0001:00015980       ___kernel_cos              00c16980 f   k_cos.obj
 0001:00015aa0       ___kernel_rem_pio2         00c16aa0 f   k_rem_pio2.obj
 0001:00016480       ___kernel_sin              00c17480 f   k_sin.obj
 0001:00016550       ___kernel_tan              00c17550 f   k_tan.obj
 0001:00016820       _SDL_uclibc_atan           00c17820 f   s_atan.obj
 0001:00016af0       _SDL_uclibc_copysign       00c17af0 f   s_copysign.obj
 0001:00016b50       _SDL_uclibc_cos            00c17b50 f   s_cos.obj
 0001:00016cc0       _SDL_uclibc_fabs           00c17cc0 f   s_fabs.obj
 0001:00016d00       _SDL_uclibc_floor          00c17d00 f   s_floor.obj
 0001:00016eb0       _SDL_uclibc_scalbn         00c17eb0 f   s_scalbn.obj
 0001:00016ed0       _SDL_uclibc_scalbln        00c17ed0 f   s_scalbn.obj
 0001:00017090       _SDL_uclibc_sin            00c18090 f   s_sin.obj
 0001:00017200       _SDL_uclibc_tan            00c18200 f   s_tan.obj
 0001:000172c0       _SDL_ComposeCustomBlendMode 00c182c0 f   SDL_render.obj
 0001:00017300       _SDL_GetNumRenderDrivers   00c18300 f   SDL_render.obj
 0001:00017310       _SDL_GetRenderDriverInfo   00c18310 f   SDL_render.obj
 0001:00017360       _SDL_CreateWindowAndRenderer 00c18360 f   SDL_render.obj
 0001:000173d0       _SDL_CreateRenderer        00c183d0 f   SDL_render.obj
 0001:00017760       _SDL_CreateSoftwareRenderer 00c18760 f   SDL_render.obj
 0001:000177e0       _SDL_GetRenderer           00c187e0 f   SDL_render.obj
 0001:00017800       _SDL_GetRendererInfo       00c18800 f   SDL_render.obj
 0001:00017850       _SDL_GetRendererOutputSize 00c18850 f   SDL_render.obj
 0001:00017910       _SDL_CreateTexture         00c18910 f   SDL_render.obj
 0001:00017d50       _SDL_CreateTextureFromSurface 00c18d50 f   SDL_render.obj
 0001:00018360       _SDL_QueryTexture          00c19360 f   SDL_render.obj
 0001:000183e0       _SDL_SetTextureColorMod    00c193e0 f   SDL_render.obj
 0001:000184a0       _SDL_GetTextureColorMod    00c194a0 f   SDL_render.obj
 0001:00018510       _SDL_SetTextureAlphaMod    00c19510 f   SDL_render.obj
 0001:000185a0       _SDL_GetTextureAlphaMod    00c195a0 f   SDL_render.obj
 0001:000185e0       _SDL_SetTextureBlendMode   00c195e0 f   SDL_render.obj
 0001:00018670       _SDL_GetTextureBlendMode   00c19670 f   SDL_render.obj
 0001:000186b0       _SDL_UpdateTexture         00c196b0 f   SDL_render.obj
 0001:000187f0       _SDL_UpdateYUVTexture      00c197f0 f   SDL_render.obj
 0001:000189f0       _SDL_LockTexture           00c199f0 f   SDL_render.obj
 0001:00018b10       _SDL_UnlockTexture         00c19b10 f   SDL_render.obj
 0001:00018ba0       _SDL_RenderTargetSupported 00c19ba0 f   SDL_render.obj
 0001:00018be0       _SDL_SetRenderTarget       00c19be0 f   SDL_render.obj
 0001:00018f40       _SDL_GetRenderTarget       00c19f40 f   SDL_render.obj
 0001:00018f50       _SDL_RenderSetLogicalSize  00c19f50 f   SDL_render.obj
 0001:00018ff0       _SDL_RenderGetLogicalSize  00c19ff0 f   SDL_render.obj
 0001:00019050       _SDL_RenderSetIntegerScale 00c1a050 f   SDL_render.obj
 0001:000190a0       _SDL_RenderGetIntegerScale 00c1a0a0 f   SDL_render.obj
 0001:000190e0       _SDL_RenderSetViewport     00c1a0e0 f   SDL_render.obj
 0001:00019260       _SDL_RenderGetViewport     00c1a260 f   SDL_render.obj
 0001:00019330       _SDL_RenderSetClipRect     00c1a330 f   SDL_render.obj
 0001:000194a0       _SDL_RenderGetClipRect     00c1a4a0 f   SDL_render.obj
 0001:00019570       _SDL_RenderIsClipEnabled   00c1a570 f   SDL_render.obj
 0001:000195b0       _SDL_RenderSetScale        00c1a5b0 f   SDL_render.obj
 0001:00019600       _SDL_RenderGetScale        00c1a600 f   SDL_render.obj
 0001:00019660       _SDL_SetRenderDrawColor    00c1a660 f   SDL_render.obj
 0001:000196c0       _SDL_GetRenderDrawColor    00c1a6c0 f   SDL_render.obj
 0001:00019740       _SDL_SetRenderDrawBlendMode 00c1a740 f   SDL_render.obj
 0001:000197a0       _SDL_GetRenderDrawBlendMode 00c1a7a0 f   SDL_render.obj
 0001:000197e0       _SDL_RenderClear           00c1a7e0 f   SDL_render.obj
 0001:00019840       _SDL_RenderDrawPoint       00c1a840 f   SDL_render.obj
 0001:00019870       _SDL_RenderDrawPoints      00c1a870 f   SDL_render.obj
 0001:00019a40       _SDL_RenderDrawLine        00c1aa40 f   SDL_render.obj
 0001:00019aa0       _SDL_RenderDrawLines       00c1aaa0 f   SDL_render.obj
 0001:00019c70       _SDL_RenderDrawRect        00c1ac70 f   SDL_render.obj
 0001:00019cc0       _SDL_RenderDrawRects       00c1acc0 f   SDL_render.obj
 0001:00019d60       _SDL_RenderFillRect        00c1ad60 f   SDL_render.obj
 0001:00019e10       _SDL_RenderFillRects       00c1ae10 f   SDL_render.obj
 0001:0001a010       _SDL_RenderCopy            00c1b010 f   SDL_render.obj
 0001:0001a070       _SDL_RenderCopyEx          00c1b070 f   SDL_render.obj
 0001:0001a100       _SDL_RenderDrawPointF      00c1b100 f   SDL_render.obj
 0001:0001a130       _SDL_RenderDrawPointsF     00c1b130 f   SDL_render.obj
 0001:0001a300       _SDL_RenderDrawLineF       00c1b300 f   SDL_render.obj
 0001:0001a360       _SDL_RenderDrawLinesF      00c1b360 f   SDL_render.obj
 0001:0001a530       _SDL_RenderDrawRectF       00c1b530 f   SDL_render.obj
 0001:0001a690       _SDL_RenderDrawRectsF      00c1b690 f   SDL_render.obj
 0001:0001a730       _SDL_RenderFillRectF       00c1b730 f   SDL_render.obj
 0001:0001a7c0       _SDL_RenderFillRectsF      00c1b7c0 f   SDL_render.obj
 0001:0001a9a0       _SDL_RenderCopyF           00c1b9a0 f   SDL_render.obj
 0001:0001ab80       _SDL_RenderCopyExF         00c1bb80 f   SDL_render.obj
 0001:0001ae10       _SDL_RenderReadPixels      00c1be10 f   SDL_render.obj
 0001:0001af90       _SDL_RenderPresent         00c1bf90 f   SDL_render.obj
 0001:0001aff0       _SDL_DestroyTexture        00c1bff0 f   SDL_render.obj
 0001:0001b100       _SDL_DestroyRenderer       00c1c100 f   SDL_render.obj
 0001:0001b2d0       _SDL_RenderFlush           00c1c2d0 f   SDL_render.obj
 0001:0001b2f0       _SDL_GL_BindTexture        00c1c2f0 f   SDL_render.obj
 0001:0001b390       _SDL_GL_UnbindTexture      00c1c390 f   SDL_render.obj
 0001:0001b420       _SDL_RenderGetMetalLayer   00c1c420 f   SDL_render.obj
 0001:0001b480       _SDL_RenderGetMetalCommandEncoder 00c1c480 f   SDL_render.obj
 0001:0001b4e0       _SDL_GetBlendModeSrcColorFactor 00c1c4e0 f   SDL_render.obj
 0001:0001b500       _SDL_GetBlendModeDstColorFactor 00c1c500 f   SDL_render.obj
 0001:0001b520       _SDL_GetBlendModeColorOperation 00c1c520 f   SDL_render.obj
 0001:0001b540       _SDL_GetBlendModeSrcAlphaFactor 00c1c540 f   SDL_render.obj
 0001:0001b560       _SDL_GetBlendModeDstAlphaFactor 00c1c560 f   SDL_render.obj
 0001:0001b580       _SDL_GetBlendModeAlphaOperation 00c1c580 f   SDL_render.obj
 0001:0001b5a0       _SDL_AllocateRenderVertices 00c1c5a0 f   SDL_render.obj
 0001:0001e9d0       _SDL_FRectEmpty            00c1f9d0 f i SDL_render.obj
 0001:0001ea20       _SDL_SW_CreateYUVTexture   00c1fa20 f   SDL_yuv_sw.obj
 0001:0001edf0       _SDL_SW_QueryYUVTexturePixels 00c1fdf0 f   SDL_yuv_sw.obj
 0001:0001ee20       _SDL_SW_UpdateYUVTexture   00c1fe20 f   SDL_yuv_sw.obj
 0001:0001f3d0       _SDL_SW_UpdateYUVTexturePlanar 00c203d0 f   SDL_yuv_sw.obj
 0001:0001f650       _SDL_SW_LockYUVTexture     00c20650 f   SDL_yuv_sw.obj
 0001:0001f740       _SDL_SW_UnlockYUVTexture   00c20740 f   SDL_yuv_sw.obj
 0001:0001f750       _SDL_SW_CopyYUVToRGB       00c20750 f   SDL_yuv_sw.obj
 0001:0001f9a0       _SDL_SW_DestroyYUVTexture  00c209a0 f   SDL_yuv_sw.obj
 0001:0001f9f0       _SDL_BlendFillRect         00c209f0 f   SDL_blendfillrect.obj
 0001:0001fc50       _SDL_BlendFillRects        00c20c50 f   SDL_blendfillrect.obj
 0001:00028670       _SDL_BlendLine             00c29670 f   SDL_blendline.obj
 0001:00028720       _SDL_BlendLines            00c29720 f   SDL_blendline.obj
 0001:00039830       _SDL_BlendPoint            00c3a830 f   SDL_blendpoint.obj
 0001:00039ab0       _SDL_BlendPoints           00c3aab0 f   SDL_blendpoint.obj
 0001:0003b9f0       _SDL_DrawLine              00c3c9f0 f   SDL_drawline.obj
 0001:0003ba80       _SDL_DrawLines             00c3ca80 f   SDL_drawline.obj
 0001:0003d3b0       _SDL_DrawPoint             00c3e3b0 f   SDL_drawpoint.obj
 0001:0003d4d0       _SDL_DrawPoints            00c3e4d0 f   SDL_drawpoint.obj
 0001:0003d640       _SW_CreateRendererForSurface 00c3e640 f   SDL_render_sw.obj
 0001:0003f300       _SDLgfx_rotateSurface      00c40300 f   SDL_rotate.obj
 0001:0003f6a0       _SDLgfx_rotozoomSurfaceSizeTrig 00c406a0 f   SDL_rotate.obj
 0001:00040db0       _SDL_GetPlatform           00c41db0 f   SDL.obj
 0001:00040dc0       _SDL_SetMainReady          00c41dc0 f   SDL.obj
 0001:00040dd0       _SDL_IsTablet              00c41dd0 f   SDL.obj
 0001:00040de0       _SDL_GetVersion            00c41de0 f   SDL.obj
 0001:00040e00       _SDL_GetRevision           00c41e00 f   SDL.obj
 0001:00040e10       _SDL_GetRevisionNumber     00c41e10 f   SDL.obj
 0001:00040e20       _SDL_Init                  00c41e20 f   SDL.obj
 0001:00040e40       _SDL_InitSubSystem         00c41e40 f   SDL.obj
 0001:00040fe0       _SDL_QuitSubSystem         00c41fe0 f   SDL.obj
 0001:00041090       _SDL_WasInit               00c42090 f   SDL.obj
 0001:00041180       _SDL_Quit                  00c42180 f   SDL.obj
 0001:000412e0       _SDL_HasExactlyOneBitSet32 00c422e0 f i SDL.obj
 0001:00041300       _SDL_MostSignificantBitIndex32 00c42300 f i SDL.obj
 0001:000413b0       _SDL_ReportAssertion       00c423b0 f   SDL_assert.obj
 0001:000414a0       _SDL_SetAssertionHandler   00c424a0 f   SDL_assert.obj
 0001:000414e0       _SDL_GetDefaultAssertionHandler 00c424e0 f   SDL_assert.obj
 0001:000414f0       _SDL_GetAssertionHandler   00c424f0 f   SDL_assert.obj
 0001:00041510       _SDL_GetAssertionReport    00c42510 f   SDL_assert.obj
 0001:00041520       _SDL_ResetAssertionReport  00c42520 f   SDL_assert.obj
 0001:00041580       _SDL_AssertionsQuit        00c42580 f   SDL_assert.obj
 0001:000419a0       _SDL_NewDataQueue          00c429a0 f   SDL_dataqueue.obj
 0001:00041a80       _SDL_FreeDataQueue         00c42a80 f   SDL_dataqueue.obj
 0001:00041ac0       _SDL_ClearDataQueue        00c42ac0 f   SDL_dataqueue.obj
 0001:00041bc0       _SDL_WriteToDataQueue      00c42bc0 f   SDL_dataqueue.obj
 0001:00041d60       _SDL_ReadFromDataQueue     00c42d60 f   SDL_dataqueue.obj
 0001:00041e80       _SDL_PeekIntoDataQueue     00c42e80 f   SDL_dataqueue.obj
 0001:00041f30       _SDL_CountDataQueue        00c42f30 f   SDL_dataqueue.obj
 0001:00041f60       _SDL_ReserveSpaceInDataQueue 00c42f60 f   SDL_dataqueue.obj
 0001:00042130       _SDL_SetError              00c43130 f   SDL_error.obj
 0001:00042530       _SDL_GetError              00c43530 f   SDL_error.obj
 0001:00042550       _SDL_ClearError            00c43550 f   SDL_error.obj
 0001:00042570       _SDL_Error                 00c43570 f   SDL_error.obj
 0001:00042a90       _SDL_SetHintWithPriority   00c43a90 f   SDL_hints.obj
 0001:00042c50       _SDL_SetHint               00c43c50 f   SDL_hints.obj
 0001:00042c70       _SDL_GetHint               00c43c70 f   SDL_hints.obj
 0001:00042ce0       _SDL_GetHintBoolean        00c43ce0 f   SDL_hints.obj
 0001:00042d40       _SDL_AddHintCallback       00c43d40 f   SDL_hints.obj
 0001:00042ec0       _SDL_DelHintCallback       00c43ec0 f   SDL_hints.obj
 0001:00042f70       _SDL_ClearHints            00c43f70 f   SDL_hints.obj
 0001:00042ff0       _SDL_LogSetAllPriority     00c43ff0 f   SDL_log.obj
 0001:00043040       _SDL_LogSetPriority        00c44040 f   SDL_log.obj
 0001:000430b0       _SDL_LogGetPriority        00c440b0 f   SDL_log.obj
 0001:00043120       _SDL_LogResetPriorities    00c44120 f   SDL_log.obj
 0001:00043180       _SDL_Log                   00c44180 f   SDL_log.obj
 0001:000431b0       _SDL_LogVerbose            00c441b0 f   SDL_log.obj
 0001:000431e0       _SDL_LogDebug              00c441e0 f   SDL_log.obj
 0001:00043210       _SDL_LogInfo               00c44210 f   SDL_log.obj
 0001:00043240       _SDL_LogWarn               00c44240 f   SDL_log.obj
 0001:00043270       _SDL_LogError              00c44270 f   SDL_log.obj
 0001:000432a0       _SDL_LogCritical           00c442a0 f   SDL_log.obj
 0001:000432d0       _SDL_LogMessage            00c442d0 f   SDL_log.obj
 0001:00043300       _SDL_LogMessageV           00c44300 f   SDL_log.obj
 0001:00043400       _SDL_LogGetOutputFunction  00c44400 f   SDL_log.obj
 0001:00043430       _SDL_LogSetOutputFunction  00c44430 f   SDL_log.obj
 0001:00043460       _SDL_getenv                00c44460 f   SDL_getenv.obj
 0001:00043530       _SDL_setenv                00c44530 f   SDL_getenv.obj
 0001:00043740       _SDL_iconv_open            00c44740 f   SDL_iconv.obj
 0001:00043860       _SDL_iconv_close           00c44860 f   SDL_iconv.obj
 0001:00043880       _SDL_iconv                 00c44880 f   SDL_iconv.obj
 0001:00044d60       _SDL_iconv_string          00c45d60 f   SDL_iconv.obj
 0001:00045010       _SDL_malloc                00c46010 f   SDL_malloc.obj
 0001:00045040       _SDL_calloc                00c46040 f   SDL_malloc.obj
 0001:00045090       _SDL_realloc               00c46090 f   SDL_malloc.obj
 0001:000450e0       _SDL_free                  00c460e0 f   SDL_malloc.obj
 0001:00045110       _SDL_GetMemoryFunctions    00c46110 f   SDL_malloc.obj
 0001:00045160       _SDL_SetMemoryFunctions    00c46160 f   SDL_malloc.obj
 0001:00045200       _SDL_GetNumAllocations     00c46200 f   SDL_malloc.obj
 0001:00045220       _SDL_qsort                 00c46220 f   SDL_qsort.obj
 0001:00046600       _SDL_abs                   00c47600 f   SDL_stdlib.obj
 0001:00046630       _SDL_isdigit               00c47630 f   SDL_stdlib.obj
 0001:00046660       _SDL_isspace               00c47660 f   SDL_stdlib.obj
 0001:000466a0       _SDL_toupper               00c476a0 f   SDL_stdlib.obj
 0001:000466d0       _SDL_tolower               00c476d0 f   SDL_stdlib.obj
 0001:00046700       _SDL_acos                  00c47700 f   SDL_stdlib.obj
 0001:00046770       _SDL_acosf                 00c47770 f   SDL_stdlib.obj
 0001:00046790       _SDL_asin                  00c47790 f   SDL_stdlib.obj
 0001:000467e0       _SDL_asinf                 00c477e0 f   SDL_stdlib.obj
 0001:00046800       _SDL_atan                  00c47800 f   SDL_stdlib.obj
 0001:00046820       _SDL_atanf                 00c47820 f   SDL_stdlib.obj
 0001:00046840       _SDL_atan2                 00c47840 f   SDL_stdlib.obj
 0001:00046860       _SDL_atan2f                00c47860 f   SDL_stdlib.obj
 0001:00046890       _SDL_ceil                  00c47890 f   SDL_stdlib.obj
 0001:000468e0       _SDL_ceilf                 00c478e0 f   SDL_stdlib.obj
 0001:00046900       _SDL_copysign              00c47900 f   SDL_stdlib.obj
 0001:00046920       _SDL_copysignf             00c47920 f   SDL_stdlib.obj
 0001:00046950       _SDL_cos                   00c47950 f   SDL_stdlib.obj
 0001:00046970       _SDL_cosf                  00c47970 f   SDL_stdlib.obj
 0001:00046990       _SDL_exp                   00c47990 f   SDL_stdlib.obj
 0001:000469b0       _SDL_expf                  00c479b0 f   SDL_stdlib.obj
 0001:000469d0       _SDL_fabs                  00c479d0 f   SDL_stdlib.obj
 0001:000469f0       _SDL_fabsf                 00c479f0 f   SDL_stdlib.obj
 0001:00046a10       _SDL_floor                 00c47a10 f   SDL_stdlib.obj
 0001:00046a30       _SDL_floorf                00c47a30 f   SDL_stdlib.obj
 0001:00046a50       _SDL_fmod                  00c47a50 f   SDL_stdlib.obj
 0001:00046a70       _SDL_fmodf                 00c47a70 f   SDL_stdlib.obj
 0001:00046aa0       _SDL_log                   00c47aa0 f   SDL_stdlib.obj
 0001:00046ac0       _SDL_logf                  00c47ac0 f   SDL_stdlib.obj
 0001:00046ae0       _SDL_log10                 00c47ae0 f   SDL_stdlib.obj
 0001:00046b00       _SDL_log10f                00c47b00 f   SDL_stdlib.obj
 0001:00046b20       _SDL_pow                   00c47b20 f   SDL_stdlib.obj
 0001:00046b40       _SDL_powf                  00c47b40 f   SDL_stdlib.obj
 0001:00046b70       _SDL_scalbn                00c47b70 f   SDL_stdlib.obj
 0001:00046b90       _SDL_scalbnf               00c47b90 f   SDL_stdlib.obj
 0001:00046bc0       _SDL_sin                   00c47bc0 f   SDL_stdlib.obj
 0001:00046be0       _SDL_sinf                  00c47be0 f   SDL_stdlib.obj
 0001:00046c00       _SDL_sqrt                  00c47c00 f   SDL_stdlib.obj
 0001:00046c20       _SDL_sqrtf                 00c47c20 f   SDL_stdlib.obj
 0001:00046c40       _SDL_tan                   00c47c40 f   SDL_stdlib.obj
 0001:00046c60       _SDL_tanf                  00c47c60 f   SDL_stdlib.obj
 0001:00046c80       __ftol                     00c47c80 f   SDL_stdlib.obj
 0001:00046d00       __ftol2_sse                00c47d00 f   SDL_stdlib.obj
 0001:00046d10       __allmul                   00c47d10 f   SDL_stdlib.obj
 0001:00046d50       __alldiv                   00c47d50 f   SDL_stdlib.obj
 0001:00046e00       __aulldiv                  00c47e00 f   SDL_stdlib.obj
 0001:00046e70       __allrem                   00c47e70 f   SDL_stdlib.obj
 0001:00046f30       __aullrem                  00c47f30 f   SDL_stdlib.obj
 0001:00046fb0       __alldvrm                  00c47fb0 f   SDL_stdlib.obj
 0001:00047090       __aulldvrm                 00c48090 f   SDL_stdlib.obj
 0001:00047130       __allshl                   00c48130 f   SDL_stdlib.obj
 0001:00047150       __allshr                   00c48150 f   SDL_stdlib.obj
 0001:00047180       __aullshr                  00c48180 f   SDL_stdlib.obj
 0001:000471a0       _SDL_memset                00c481a0 f   SDL_string.obj
 0001:000472c0       _SDL_memcpy                00c482c0 f   SDL_string.obj
 0001:00047400       _SDL_memmove               00c48400 f   SDL_string.obj
 0001:000474b0       _SDL_memcmp                00c484b0 f   SDL_string.obj
 0001:00047520       _SDL_wcsdup                00c48520 f   SDL_string.obj
 0001:00047570       _SDL_wcslen                00c48570 f   SDL_string.obj
 0001:000475b0       _SDL_wcslcpy               00c485b0 f   SDL_string.obj
 0001:00047620       _SDL_wcslcat               00c48620 f   SDL_string.obj
 0001:00047680       _SDL_wcscmp                00c48680 f   SDL_string.obj
 0001:000476d0       _SDL_strlen                00c486d0 f   SDL_string.obj
 0001:00047710       _SDL_strlcpy               00c48710 f   SDL_string.obj
 0001:00047780       _SDL_utf8strlcpy           00c48780 f   SDL_string.obj
 0001:00047890       _SDL_strlcat               00c48890 f   SDL_string.obj
 0001:000478e0       _SDL_strdup                00c488e0 f   SDL_string.obj
 0001:00047930       _SDL_strrev                00c48930 f   SDL_string.obj
 0001:000479c0       _SDL_strupr                00c489c0 f   SDL_string.obj
 0001:00047a00       _SDL_strlwr                00c48a00 f   SDL_string.obj
 0001:00047a40       _SDL_strchr                00c48a40 f   SDL_string.obj
 0001:00047a70       _SDL_strrchr               00c48a70 f   SDL_string.obj
 0001:00047ac0       _SDL_strstr                00c48ac0 f   SDL_string.obj
 0001:00047b10       _SDL_utf8strlen            00c48b10 f   SDL_string.obj
 0001:00047b70       _SDL_itoa                  00c48b70 f   SDL_string.obj
 0001:00047b90       _SDL_uitoa                 00c48b90 f   SDL_string.obj
 0001:00047bb0       _SDL_ltoa                  00c48bb0 f   SDL_string.obj
 0001:00047c10       _SDL_ultoa                 00c48c10 f   SDL_string.obj
 0001:00047c80       _SDL_lltoa                 00c48c80 f   SDL_string.obj
 0001:00047cf0       _SDL_ulltoa                00c48cf0 f   SDL_string.obj
 0001:00047d90       _SDL_atoi                  00c48d90 f   SDL_string.obj
 0001:00047db0       _SDL_atof                  00c48db0 f   SDL_string.obj
 0001:00047dd0       _SDL_strtol                00c48dd0 f   SDL_string.obj
 0001:00047e50       _SDL_strtoul               00c48e50 f   SDL_string.obj
 0001:00047ed0       _SDL_strtoll               00c48ed0 f   SDL_string.obj
 0001:00047f60       _SDL_strtoull              00c48f60 f   SDL_string.obj
 0001:00047ff0       _SDL_strtod                00c48ff0 f   SDL_string.obj
 0001:00048030       _SDL_strcmp                00c49030 f   SDL_string.obj
 0001:00048080       _SDL_strncmp               00c49080 f   SDL_string.obj
 0001:000480f0       _SDL_strcasecmp            00c490f0 f   SDL_string.obj
 0001:00048190       _SDL_strncasecmp           00c49190 f   SDL_string.obj
 0001:00048250       _SDL_sscanf                00c49250 f   SDL_string.obj
 0001:00048290       _SDL_vsscanf               00c49290 f   SDL_string.obj
 0001:000489c0       _SDL_snprintf              00c499c0 f   SDL_string.obj
 0001:00048a00       _SDL_vsnprintf             00c49a00 f   SDL_string.obj
 0001:0004a0a0       _SDL_CreateCond            00c4b0a0 f   SDL_syscond.obj
 0001:0004a140       _SDL_DestroyCond           00c4b140 f   SDL_syscond.obj
 0001:0004a1a0       _SDL_CondSignal            00c4b1a0 f   SDL_syscond.obj
 0001:0004a230       _SDL_CondBroadcast         00c4b230 f   SDL_syscond.obj
 0001:0004a310       _SDL_CondWait              00c4b310 f   SDL_syscond.obj
 0001:0004a330       _SDL_CondWaitTimeout       00c4b330 f   SDL_syscond.obj
 0001:0004a430       _SDL_CreateMutex           00c4b430 f   SDL_sysmutex.obj
 0001:0004a4a0       _SDL_LockMutex             00c4b4a0 f   SDL_sysmutex.obj
 0001:0004a4b0       _SDL_TryLockMutex          00c4b4b0 f   SDL_sysmutex.obj
 0001:0004a4c0       _SDL_UnlockMutex           00c4b4c0 f   SDL_sysmutex.obj
 0001:0004a4d0       _SDL_DestroyMutex          00c4b4d0 f   SDL_sysmutex.obj
 0001:0004a500       _SDL_CreateSemaphore       00c4b500 f   SDL_syssem.obj
 0001:0004a520       _SDL_DestroySemaphore      00c4b520 f   SDL_syssem.obj
 0001:0004a530       _SDL_SemWait               00c4b530 f   SDL_syssem.obj
 0001:0004a550       _SDL_SemTryWait            00c4b550 f   SDL_syssem.obj
 0001:0004a570       _SDL_SemWaitTimeout        00c4b570 f   SDL_syssem.obj
 0001:0004a590       _SDL_SemPost               00c4b590 f   SDL_syssem.obj
 0001:0004a5b0       _SDL_SemValue              00c4b5b0 f   SDL_syssem.obj
 0001:0004a5c0       _SDL_ThreadID              00c4b5c0 f   SDL_systhread.obj
 0001:0004a5d0       _SDL_SYS_CreateThread      00c4b5d0 f   SDL_systhread.obj
 0001:0004a5f0       _SDL_SYS_SetupThread       00c4b5f0 f   SDL_systhread.obj
 0001:0004a600       _SDL_SYS_SetThreadPriority 00c4b600 f   SDL_systhread.obj
 0001:0004a610       _SDL_SYS_WaitThread        00c4b610 f   SDL_systhread.obj
 0001:0004a620       _SDL_SYS_DetachThread      00c4b620 f   SDL_systhread.obj
 0001:0004a630       _SDL_SYS_GetTLSData        00c4b630 f   SDL_systls.obj
 0001:0004a640       _SDL_SYS_SetTLSData        00c4b640 f   SDL_systls.obj
 0001:0004a660       _SDL_CreateThread          00c4b660 f   SDL_thread.obj
 0001:0004a6f0       _SDL_CreateThreadWithStackSize 00c4b6f0 f   SDL_thread.obj
 0001:0004a8e0       _SDL_GetThreadName         00c4b8e0 f   SDL_thread.obj
 0001:0004a900       _SDL_GetThreadID           00c4b900 f   SDL_thread.obj
 0001:0004a930       _SDL_SetThreadPriority     00c4b930 f   SDL_thread.obj
 0001:0004a950       _SDL_WaitThread            00c4b950 f   SDL_thread.obj
 0001:0004a9b0       _SDL_DetachThread          00c4b9b0 f   SDL_thread.obj
 0001:0004aa30       _SDL_TLSCreate             00c4ba30 f   SDL_thread.obj
 0001:0004aa50       _SDL_TLSGet                00c4ba50 f   SDL_thread.obj
 0001:0004aa90       _SDL_TLSSet                00c4ba90 f   SDL_thread.obj
 0001:0004aba0       _SDL_GetErrBuf             00c4bba0 f   SDL_thread.obj
 0001:0004acc0       _SDL_RunThread             00c4bcc0 f   SDL_thread.obj
 0001:0004ad90       _SDL_Generic_GetTLSData    00c4bd90 f   SDL_thread.obj
 0001:0004adf0       _SDL_Generic_SetTLSData    00c4bdf0 f   SDL_thread.obj
 0001:0004aef0       _SDL_CreateThreadInternal  00c4bef0 f   SDL_thread.obj
 0001:0004af90       _SDL_GetTicks              00c4bf90 f   SDL_systimer.obj
 0001:0004afb0       _SDL_GetPerformanceCounter 00c4bfb0 f   SDL_systimer.obj
 0001:0004afc0       _SDL_GetPerformanceFrequency 00c4bfc0 f   SDL_systimer.obj
 0001:0004afd0       _SDL_Delay                 00c4bfd0 f   SDL_systimer.obj
 0001:0004aff0       _SDL_TicksInit             00c4bff0 f   SDL_systimer.obj
 0001:0004b010       _SDL_TicksQuit             00c4c010 f   SDL_systimer.obj
 0001:0004b020       _SDL_AddTimer              00c4c020 f   SDL_timer.obj
 0001:0004b210       _SDL_RemoveTimer           00c4c210 f   SDL_timer.obj
 0001:0004b2f0       _SDL_TimerInit             00c4c2f0 f   SDL_timer.obj
 0001:0004b3d0       _SDL_TimerQuit             00c4c3d0 f   SDL_timer.obj
 0001:0004b780       _DUMMY_PumpEvents          00c4c780 f   SDL_nullevents.obj
 0001:0004b790       _SDL_DUMMY_CreateWindowFramebuffer 00c4c790 f   SDL_nullframebuffer.obj
 0001:0004b860       _SDL_DUMMY_UpdateWindowFramebuffer 00c4c860 f   SDL_nullframebuffer.obj
 0001:0004b910       _SDL_DUMMY_DestroyWindowFramebuffer 00c4c910 f   SDL_nullframebuffer.obj
 0001:0004bae0       _MYOS_PumpEvents           00c4cae0 f   SDL_myosevents.obj
 0001:0004bc70       _SDL_MYOS_CreateWindowFramebuffer 00c4cc70 f   SDL_myosframebuffer.obj
 0001:0004bd40       _SDL_MYOS_UpdateWindowFramebuffer 00c4cd40 f   SDL_myosframebuffer.obj
 0001:0004be00       _SDL_MYOS_DestroyWindowFramebuffer 00c4ce00 f   SDL_myosframebuffer.obj
 0001:0004be30       _MyOS_InitKeyboard         00c4ce30 f   SDL_myoskeyboard.obj
 0001:0004c390       _SDL_CalculateBlit         00c4d390 f   SDL_blit.obj
 0001:0004cae0       _SDL_RectEmpty             00c4dae0 f i SDL_blit.obj
 0001:0004cb20       _SDL_CalculateBlit0        00c4db20 f   SDL_blit_0.obj
 0001:0004e470       _SDL_CalculateBlit1        00c4f470 f   SDL_blit_1.obj
 0001:000548c0       _SDL_CalculateBlitA        00c558c0 f   SDL_blit_A.obj
 0001:000764c0       _SDL_BlitCopy              00c774c0 f   SDL_blit_copy.obj
 0001:000769d0       _SDL_CalculateBlitN        00c779d0 f   SDL_blit_N.obj
 0001:0008f480       _SDL_Blit_Slow             00c90480 f   SDL_blit_slow.obj
 0001:000908d0       _SDL_LoadBMP_RW            00c918d0 f   SDL_bmp.obj
 0001:00091420       _SDL_SaveBMP_RW            00c92420 f   SDL_bmp.obj
 0001:00091d50       _SDL_SetClipboardText      00c92d50 f   SDL_clipboard.obj
 0001:00091de0       _SDL_GetClipboardText      00c92de0 f   SDL_clipboard.obj
 0001:00091e60       _SDL_HasClipboardText      00c92e60 f   SDL_clipboard.obj
 0001:00091ee0       _SDL_FillRect              00c92ee0 f   SDL_fillrect.obj
 0001:00092150       _SDL_FillRects             00c93150 f   SDL_fillrect.obj
 0001:00092930       _SDL_memset4               00c93930 f i SDL_fillrect.obj
 0001:000929e0       _SDL_GetPixelFormatName    00c939e0 f   SDL_pixels.obj
 0001:00092de0       _SDL_PixelFormatEnumToMasks 00c93de0 f   SDL_pixels.obj
 0001:00093460       _SDL_MasksToPixelFormatEnum 00c94460 f   SDL_pixels.obj
 0001:00093980       _SDL_AllocFormat           00c94980 f   SDL_pixels.obj
 0001:00093ac0       _SDL_FreeFormat            00c94ac0 f   SDL_pixels.obj
 0001:00093bb0       _SDL_AllocPalette          00c94bb0 f   SDL_pixels.obj
 0001:00093c60       _SDL_SetPixelFormatPalette 00c94c60 f   SDL_pixels.obj
 0001:00093d00       _SDL_SetPaletteColors      00c94d00 f   SDL_pixels.obj
 0001:00093d90       _SDL_FreePalette           00c94d90 f   SDL_pixels.obj
 0001:00093df0       _SDL_MapRGB                00c94df0 f   SDL_pixels.obj
 0001:00093e80       _SDL_MapRGBA               00c94e80 f   SDL_pixels.obj
 0001:00093f20       _SDL_GetRGB                00c94f20 f   SDL_pixels.obj
 0001:00094020       _SDL_GetRGBA               00c95020 f   SDL_pixels.obj
 0001:00094170       _SDL_CalculateGammaRamp    00c95170 f   SDL_pixels.obj
 0001:000942b0       _SDL_InitFormat            00c952b0 f   SDL_pixels.obj
 0001:000944e0       _SDL_AllocBlitMap          00c954e0 f   SDL_pixels.obj
 0001:00094530       _SDL_InvalidateMap         00c95530 f   SDL_pixels.obj
 0001:000945b0       _SDL_MapSurface            00c955b0 f   SDL_pixels.obj
 0001:00094870       _SDL_FreeBlitMap           00c95870 f   SDL_pixels.obj
 0001:000948a0       _SDL_DitherColors          00c958a0 f   SDL_pixels.obj
 0001:00094970       _SDL_FindColor             00c95970 f   SDL_pixels.obj
 0001:00094f20       _SDL_HasIntersection       00c95f20 f   SDL_rect.obj
 0001:00095040       _SDL_IntersectRect         00c96040 f   SDL_rect.obj
 0001:000951c0       _SDL_UnionRect             00c961c0 f   SDL_rect.obj
 0001:00095350       _SDL_EnclosePoints         00c96350 f   SDL_rect.obj
 0001:000955f0       _SDL_IntersectRectAndLine  00c965f0 f   SDL_rect.obj
 0001:00095aa0       _SDL_GetSpanEnclosingRect  00c96aa0 f   SDL_rect.obj
 0001:00095c80       _SDL_RLESurface            00c96c80 f   SDL_RLEaccel.obj
 0001:00095dd0       _SDL_RLEBlit               00c96dd0 f   SDL_RLEaccel.obj
 0001:000980c0       _SDL_RLEAlphaBlit          00c990c0 f   SDL_RLEaccel.obj
 0001:00098940       _SDL_UnRLESurface          00c99940 f   SDL_RLEaccel.obj
 0001:0009d590       _SDL_CreateShapedWindow    00c9e590 f   SDL_shape.obj
 0001:0009d690       _SDL_IsShapedWindow        00c9e690 f   SDL_shape.obj
 0001:0009d6d0       _SDL_SetWindowShape        00c9e6d0 f   SDL_shape.obj
 0001:0009d7c0       _SDL_GetShapedWindowMode   00c9e7c0 f   SDL_shape.obj
 0001:0009d820       _SDL_CalculateShapeBitmap  00c9e820 f   SDL_shape.obj
 0001:0009dad0       _SDL_CalculateShapeTree    00c9ead0 f   SDL_shape.obj
 0001:0009db70       _SDL_TraverseShapeTree     00c9eb70 f   SDL_shape.obj
 0001:0009dbf0       _SDL_FreeShapeTree         00c9ebf0 f   SDL_shape.obj
 0001:0009e090       _SDL_SoftStretch           00c9f090 f   SDL_stretch.obj
 0001:0009e680       _SDL_CreateRGBSurface      00c9f680 f   SDL_surface.obj
 0001:0009e6e0       _SDL_CreateRGBSurfaceWithFormat 00c9f6e0 f   SDL_surface.obj
 0001:0009e9d0       _SDL_CreateRGBSurfaceFrom  00c9f9d0 f   SDL_surface.obj
 0001:0009ea50       _SDL_CreateRGBSurfaceWithFormatFrom 00c9fa50 f   SDL_surface.obj
 0001:0009eac0       _SDL_FreeSurface           00c9fac0 f   SDL_surface.obj
 0001:0009ebd0       _SDL_SetSurfacePalette     00c9fbd0 f   SDL_surface.obj
 0001:0009ec20       _SDL_LockSurface           00c9fc20 f   SDL_surface.obj
 0001:0009ec70       _SDL_UnlockSurface         00c9fc70 f   SDL_surface.obj
 0001:0009ecd0       _SDL_SetSurfaceRLE         00c9fcd0 f   SDL_surface.obj
 0001:0009ed50       _SDL_SetColorKey           00c9fd50 f   SDL_surface.obj
 0001:0009ee30       _SDL_HasColorKey           00c9fe30 f   SDL_surface.obj
 0001:0009ee60       _SDL_GetColorKey           00c9fe60 f   SDL_surface.obj
 0001:0009eec0       _SDL_SetSurfaceColorMod    00c9fec0 f   SDL_surface.obj
 0001:0009ef80       _SDL_GetSurfaceColorMod    00c9ff80 f   SDL_surface.obj
 0001:0009efd0       _SDL_SetSurfaceAlphaMod    00c9ffd0 f   SDL_surface.obj
 0001:0009f060       _SDL_GetSurfaceAlphaMod    00ca0060 f   SDL_surface.obj
 0001:0009f090       _SDL_SetSurfaceBlendMode   00ca0090 f   SDL_surface.obj
 0001:0009f170       _SDL_GetSurfaceBlendMode   00ca0170 f   SDL_surface.obj
 0001:0009f1e0       _SDL_SetClipRect           00ca01e0 f   SDL_surface.obj
 0001:0009f260       _SDL_GetClipRect           00ca0260 f   SDL_surface.obj
 0001:0009f290       _SDL_DuplicateSurface      00ca0290 f   SDL_surface.obj
 0001:0009f2b0       _SDL_ConvertSurface        00ca02b0 f   SDL_surface.obj
 0001:0009f7d0       _SDL_ConvertSurfaceFormat  00ca07d0 f   SDL_surface.obj
 0001:0009f820       _SDL_ConvertPixels         00ca0820 f   SDL_surface.obj
 0001:0009fab0       _SDL_UpperBlit             00ca0ab0 f   SDL_surface.obj
 0001:0009fd50       _SDL_LowerBlit             00ca0d50 f   SDL_surface.obj
 0001:0009fde0       _SDL_UpperBlitScaled       00ca0de0 f   SDL_surface.obj
 0001:000a0450       _SDL_LowerBlitScaled       00ca1450 f   SDL_surface.obj
 0001:000a0a40       _SDL_GetNumVideoDrivers    00ca1a40 f   SDL_video.obj
 0001:000a0a50       _SDL_GetVideoDriver        00ca1a50 f   SDL_video.obj
 0001:000a0a80       _SDL_VideoInit             00ca1a80 f   SDL_video.obj
 0001:000a0d30       _SDL_VideoQuit             00ca1d30 f   SDL_video.obj
 0001:000a0f40       _SDL_GetCurrentVideoDriver 00ca1f40 f   SDL_video.obj
 0001:000a0f60       _SDL_GetNumVideoDisplays   00ca1f60 f   SDL_video.obj
 0001:000a0f90       _SDL_GetDisplayName        00ca1f90 f   SDL_video.obj
 0001:000a1000       _SDL_GetDisplayBounds      00ca2000 f   SDL_video.obj
 0001:000a1110       _SDL_GetDisplayUsableBounds 00ca2110 f   SDL_video.obj
 0001:000a11d0       _SDL_GetDisplayDPI         00ca21d0 f   SDL_video.obj
 0001:000a1290       _SDL_GetDisplayOrientation 00ca2290 f   SDL_video.obj
 0001:000a1310       _SDL_GetNumDisplayModes    00ca2310 f   SDL_video.obj
 0001:000a1390       _SDL_GetDisplayMode        00ca2390 f   SDL_video.obj
 0001:000a1470       _SDL_GetDesktopDisplayMode 00ca2470 f   SDL_video.obj
 0001:000a1510       _SDL_GetCurrentDisplayMode 00ca2510 f   SDL_video.obj
 0001:000a15b0       _SDL_GetClosestDisplayMode 00ca25b0 f   SDL_video.obj
 0001:000a1640       _SDL_GetWindowDisplayIndex 00ca2640 f   SDL_video.obj
 0001:000a1880       _SDL_SetWindowDisplayMode  00ca2880 f   SDL_video.obj
 0001:000a1980       _SDL_GetWindowDisplayMode  00ca2980 f   SDL_video.obj
 0001:000a1ad0       _SDL_GetWindowPixelFormat  00ca2ad0 f   SDL_video.obj
 0001:000a1b30       _SDL_CreateWindow          00ca2b30 f   SDL_video.obj
 0001:000a2010       _SDL_CreateWindowFrom      00ca3010 f   SDL_video.obj
 0001:000a2170       _SDL_GetWindowID           00ca3170 f   SDL_video.obj
 0001:000a21c0       _SDL_GetWindowFromID       00ca31c0 f   SDL_video.obj
 0001:000a2210       _SDL_GetWindowFlags        00ca3210 f   SDL_video.obj
 0001:000a2260       _SDL_SetWindowTitle        00ca3260 f   SDL_video.obj
 0001:000a2310       _SDL_GetWindowTitle        00ca3310 f   SDL_video.obj
 0001:000a2380       _SDL_SetWindowIcon         00ca3380 f   SDL_video.obj
 0001:000a2430       _SDL_SetWindowData         00ca3430 f   SDL_video.obj
 0001:000a25b0       _SDL_GetWindowData         00ca35b0 f   SDL_video.obj
 0001:000a2680       _SDL_SetWindowPosition     00ca3680 f   SDL_video.obj
 0001:000a2820       _SDL_GetWindowPosition     00ca3820 f   SDL_video.obj
 0001:000a2910       _SDL_SetWindowSize         00ca3910 f   SDL_video.obj
 0001:000a2ad0       _SDL_GetWindowSize         00ca3ad0 f   SDL_video.obj
 0001:000a2b40       _SDL_GetWindowBordersSize  00ca3b40 f   SDL_video.obj
 0001:000a2c30       _SDL_SetWindowMinimumSize  00ca3c30 f   SDL_video.obj
 0001:000a2d90       _SDL_GetWindowMinimumSize  00ca3d90 f   SDL_video.obj
 0001:000a2e00       _SDL_SetWindowMaximumSize  00ca3e00 f   SDL_video.obj
 0001:000a2f50       _SDL_GetWindowMaximumSize  00ca3f50 f   SDL_video.obj
 0001:000a2fc0       _SDL_SetWindowBordered     00ca3fc0 f   SDL_video.obj
 0001:000a30b0       _SDL_SetWindowResizable    00ca40b0 f   SDL_video.obj
 0001:000a31a0       _SDL_ShowWindow            00ca41a0 f   SDL_video.obj
 0001:000a3230       _SDL_HideWindow            00ca4230 f   SDL_video.obj
 0001:000a32e0       _SDL_RaiseWindow           00ca42e0 f   SDL_video.obj
 0001:000a3360       _SDL_MaximizeWindow        00ca4360 f   SDL_video.obj
 0001:000a33e0       _SDL_MinimizeWindow        00ca43e0 f   SDL_video.obj
 0001:000a3480       _SDL_RestoreWindow         00ca4480 f   SDL_video.obj
 0001:000a3500       _SDL_SetWindowFullscreen   00ca4500 f   SDL_video.obj
 0001:000a3620       _SDL_GetWindowSurface      00ca4620 f   SDL_video.obj
 0001:000a36e0       _SDL_UpdateWindowSurface   00ca46e0 f   SDL_video.obj
 0001:000a3760       _SDL_UpdateWindowSurfaceRects 00ca4760 f   SDL_video.obj
 0001:000a37f0       _SDL_SetWindowGrab         00ca47f0 f   SDL_video.obj
 0001:000a38b0       _SDL_GetWindowGrab         00ca48b0 f   SDL_video.obj
 0001:000a3920       _SDL_GetGrabbedWindow      00ca4920 f   SDL_video.obj
 0001:000a3940       _SDL_SetWindowBrightness   00ca4940 f   SDL_video.obj
 0001:000a39e0       _SDL_GetWindowBrightness   00ca49e0 f   SDL_video.obj
 0001:000a3a30       _SDL_SetWindowOpacity      00ca4a30 f   SDL_video.obj
 0001:000a3b00       _SDL_GetWindowOpacity      00ca4b00 f   SDL_video.obj
 0001:000a3b60       _SDL_SetWindowModalFor     00ca4b60 f   SDL_video.obj
 0001:000a3c20       _SDL_SetWindowInputFocus   00ca4c20 f   SDL_video.obj
 0001:000a3ca0       _SDL_SetWindowGammaRamp    00ca4ca0 f   SDL_video.obj
 0001:000a3de0       _SDL_GetWindowGammaRamp    00ca4de0 f   SDL_video.obj
 0001:000a3fb0       _SDL_SetWindowHitTest      00ca4fb0 f   SDL_video.obj
 0001:000a4070       _SDL_DestroyWindow         00ca5070 f   SDL_video.obj
 0001:000a42d0       _SDL_IsScreenSaverEnabled  00ca52d0 f   SDL_video.obj
 0001:000a4310       _SDL_EnableScreenSaver     00ca5310 f   SDL_video.obj
 0001:000a4370       _SDL_DisableScreenSaver    00ca5370 f   SDL_video.obj
 0001:000a43d0       _SDL_GL_LoadLibrary        00ca53d0 f   SDL_video.obj
 0001:000a44d0       _SDL_GL_GetProcAddress     00ca54d0 f   SDL_video.obj
 0001:000a4560       _SDL_GL_UnloadLibrary      00ca5560 f   SDL_video.obj
 0001:000a45e0       _SDL_GL_ExtensionSupported 00ca55e0 f   SDL_video.obj
 0001:000a45f0       _SDL_GL_ResetAttributes    00ca55f0 f   SDL_video.obj
 0001:000a47c0       _SDL_GL_SetAttribute       00ca57c0 f   SDL_video.obj
 0001:000a47d0       _SDL_GL_GetAttribute       00ca57d0 f   SDL_video.obj
 0001:000a47e0       _SDL_GL_CreateContext      00ca57e0 f   SDL_video.obj
 0001:000a48d0       _SDL_GL_MakeCurrent        00ca58d0 f   SDL_video.obj
 0001:000a49f0       _SDL_GL_GetCurrentWindow   00ca59f0 f   SDL_video.obj
 0001:000a4a20       _SDL_GL_GetCurrentContext  00ca5a20 f   SDL_video.obj
 0001:000a4a50       _SDL_GL_GetDrawableSize    00ca5a50 f   SDL_video.obj
 0001:000a4ae0       _SDL_GL_SetSwapInterval    00ca5ae0 f   SDL_video.obj
 0001:000a4b50       _SDL_GL_GetSwapInterval    00ca5b50 f   SDL_video.obj
 0001:000a4ba0       _SDL_GL_SwapWindow         00ca5ba0 f   SDL_video.obj
 0001:000a4c30       _SDL_GL_DeleteContext      00ca5c30 f   SDL_video.obj
 0001:000a4c80       _SDL_StartTextInput        00ca5c80 f   SDL_video.obj
 0001:000a4d20       _SDL_IsTextInputActive     00ca5d20 f   SDL_video.obj
 0001:000a4d60       _SDL_StopTextInput         00ca5d60 f   SDL_video.obj
 0001:000a4e00       _SDL_SetTextInputRect      00ca5e00 f   SDL_video.obj
 0001:000a4e40       _SDL_HasScreenKeyboardSupport 00ca5e40 f   SDL_video.obj
 0001:000a4e80       _SDL_IsScreenKeyboardShown 00ca5e80 f   SDL_video.obj
 0001:000a4ed0       _SDL_ShowMessageBox        00ca5ed0 f   SDL_video.obj
 0001:000a5020       _SDL_ShowSimpleMessageBox  00ca6020 f   SDL_video.obj
 0001:000a50a0       _SDL_Vulkan_LoadLibrary    00ca60a0 f   SDL_video.obj
 0001:000a5170       _SDL_Vulkan_GetVkGetInstanceProcAddr 00ca6170 f   SDL_video.obj
 0001:000a51c0       _SDL_Vulkan_UnloadLibrary  00ca61c0 f   SDL_video.obj
 0001:000a5240       _SDL_Vulkan_GetInstanceExtensions 00ca6240 f   SDL_video.obj
 0001:000a52f0       _SDL_Vulkan_CreateSurface  00ca62f0 f   SDL_video.obj
 0001:000a53c0       _SDL_Vulkan_GetDrawableSize 00ca63c0 f   SDL_video.obj
 0001:000a5450       _SDL_GetVideoDevice        00ca6450 f   SDL_video.obj
 0001:000a5460       _SDL_AddBasicVideoDisplay  00ca6460 f   SDL_video.obj
 0001:000a54d0       _SDL_AddVideoDisplay       00ca64d0 f   SDL_video.obj
 0001:000a55d0       _SDL_AddDisplayMode        00ca65d0 f   SDL_video.obj
 0001:000a56d0       _SDL_GetIndexOfDisplay     00ca66d0 f   SDL_video.obj
 0001:000a5720       _SDL_GetDisplay            00ca6720 f   SDL_video.obj
 0001:000a5790       _SDL_GetDisplayForWindow   00ca6790 f   SDL_video.obj
 0001:000a57d0       _SDL_GetDisplayDriverData  00ca67d0 f   SDL_video.obj
 0001:000a5840       _SDL_GL_DeduceMaxSupportedESProfile 00ca6840 f   SDL_video.obj
 0001:000a5850       _SDL_RecreateWindow        00ca6850 f   SDL_video.obj
 0001:000a5b30       _SDL_HasWindows            00ca6b30 f   SDL_video.obj
 0001:000a5b70       _SDL_OnWindowShown         00ca6b70 f   SDL_video.obj
 0001:000a5b90       _SDL_OnWindowHidden        00ca6b90 f   SDL_video.obj
 0001:000a5bb0       _SDL_OnWindowResized       00ca6bb0 f   SDL_video.obj
 0001:000a5be0       _SDL_OnWindowMinimized     00ca6be0 f   SDL_video.obj
 0001:000a5c00       _SDL_OnWindowRestored      00ca6c00 f   SDL_video.obj
 0001:000a5c40       _SDL_OnWindowEnter         00ca6c40 f   SDL_video.obj
 0001:000a5c70       _SDL_OnWindowLeave         00ca6c70 f   SDL_video.obj
 0001:000a5c80       _SDL_OnWindowFocusGained   00ca6c80 f   SDL_video.obj
 0001:000a5d10       _SDL_OnWindowFocusLost     00ca6d10 f   SDL_video.obj
 0001:000a5d80       _SDL_UpdateWindowGrab      00ca6d80 f   SDL_video.obj
 0001:000a5e80       _SDL_GetFocusWindow        00ca6e80 f   SDL_video.obj
 0001:000a5ed0       _SDL_ShouldAllowTopmost    00ca6ed0 f   SDL_video.obj
 0001:000a5ef0       _SDL_ComputeDiagonalDPI    00ca6ef0 f   SDL_video.obj
 0001:000a5f70       _SDL_OnApplicationWillTerminate 00ca6f70 f   SDL_video.obj
 0001:000a5f90       _SDL_OnApplicationDidReceiveMemoryWarning 00ca6f90 f   SDL_video.obj
 0001:000a5fb0       _SDL_OnApplicationWillResignActive 00ca6fb0 f   SDL_video.obj
 0001:000a6020       _SDL_OnApplicationDidEnterBackground 00ca7020 f   SDL_video.obj
 0001:000a6040       _SDL_OnApplicationWillEnterForeground 00ca7040 f   SDL_video.obj
 0001:000a6060       _SDL_OnApplicationDidBecomeActive 00ca7060 f   SDL_video.obj
 0001:000a60d0       _SDL_ToggleDragAndDropSupport 00ca70d0 f   SDL_video.obj
 0001:000a6140       _SDL_GetWindowWMInfo       00ca7140 f   SDL_video.obj
 0001:000a73e0       _SDL_SetYUVConversionMode  00ca83e0 f   SDL_yuv.obj
 0001:000a73f0       _SDL_GetYUVConversionMode  00ca83f0 f   SDL_yuv.obj
 0001:000a7400       _SDL_GetYUVConversionModeForResolution 00ca8400 f   SDL_yuv.obj
 0001:000a7440       _SDL_ConvertPixels_YUV_to_RGB 00ca8440 f   SDL_yuv.obj
 0001:000a7630       _SDL_ConvertPixels_RGB_to_YUV 00ca8630 f   SDL_yuv.obj
 0001:000a7720       _SDL_ConvertPixels_YUV_to_YUV 00ca8720 f   SDL_yuv.obj
 0001:000ae540       _yuv420_rgb565_std         00caf540 f   yuv_rgb.obj
 0001:000aed00       _yuv420_rgb24_std          00cafd00 f   yuv_rgb.obj
 0001:000af4c0       _yuv420_rgba_std           00cb04c0 f   yuv_rgb.obj
 0001:000afc40       _yuv420_bgra_std           00cb0c40 f   yuv_rgb.obj
 0001:000b03c0       _yuv420_argb_std           00cb13c0 f   yuv_rgb.obj
 0001:000b0b20       _yuv420_abgr_std           00cb1b20 f   yuv_rgb.obj
 0001:000b1280       _yuv422_rgb565_std         00cb2280 f   yuv_rgb.obj
 0001:000b1880       _yuv422_rgb24_std          00cb2880 f   yuv_rgb.obj
 0001:000b1e80       _yuv422_rgba_std           00cb2e80 f   yuv_rgb.obj
 0001:000b2450       _yuv422_bgra_std           00cb3450 f   yuv_rgb.obj
 0001:000b2a20       _yuv422_argb_std           00cb3a20 f   yuv_rgb.obj
 0001:000b2fe0       _yuv422_abgr_std           00cb3fe0 f   yuv_rgb.obj
 0001:000b35a0       _yuvnv12_rgb565_std        00cb45a0 f   yuv_rgb.obj
 0001:000b3d60       _yuvnv12_rgb24_std         00cb4d60 f   yuv_rgb.obj
 0001:000b4520       _yuvnv12_rgba_std          00cb5520 f   yuv_rgb.obj
 0001:000b4ca0       _yuvnv12_bgra_std          00cb5ca0 f   yuv_rgb.obj
 0001:000b5420       _yuvnv12_argb_std          00cb6420 f   yuv_rgb.obj
 0001:000b5b80       _yuvnv12_abgr_std          00cb6b80 f   yuv_rgb.obj
 0001:000b62e0       _yuv420_rgb565_sse         00cb72e0 f   yuv_rgb.obj
 0001:000b73d0       _yuv420_rgb24_sse          00cb83d0 f   yuv_rgb.obj
 0001:000b89e0       _yuv420_rgba_sse           00cb99e0 f   yuv_rgb.obj
 0001:000b9a10       _yuv420_bgra_sse           00cbaa10 f   yuv_rgb.obj
 0001:000baa40       _yuv420_argb_sse           00cbba40 f   yuv_rgb.obj
 0001:000bba70       _yuv420_abgr_sse           00cbca70 f   yuv_rgb.obj
 0001:000bcaa0       _yuv422_rgb565_sse         00cbdaa0 f   yuv_rgb.obj
 0001:000bdda0       _yuv422_rgb24_sse          00cbeda0 f   yuv_rgb.obj
 0001:000bf5c0       _yuv422_rgba_sse           00cc05c0 f   yuv_rgb.obj
 0001:000c0800       _yuv422_bgra_sse           00cc1800 f   yuv_rgb.obj
 0001:000c1a40       _yuv422_argb_sse           00cc2a40 f   yuv_rgb.obj
 0001:000c2c80       _yuv422_abgr_sse           00cc3c80 f   yuv_rgb.obj
 0001:000c3ec0       _yuvnv12_rgb565_sse        00cc4ec0 f   yuv_rgb.obj
 0001:000c5040       _yuvnv12_rgb24_sse         00cc6040 f   yuv_rgb.obj
 0001:000c66e0       _yuvnv12_rgba_sse          00cc76e0 f   yuv_rgb.obj
 0001:000c77a0       _yuvnv12_bgra_sse          00cc87a0 f   yuv_rgb.obj
 0001:000c8860       _yuvnv12_argb_sse          00cc9860 f   yuv_rgb.obj
 0001:000c9920       _yuvnv12_abgr_sse          00cca920 f   yuv_rgb.obj
 0001:000ca9e0       _yuv420_rgb565_sseu        00ccb9e0 f   yuv_rgb.obj
 0001:000cbad0       _yuv420_rgb24_sseu         00cccad0 f   yuv_rgb.obj
 0001:000cd0e0       _yuv420_rgba_sseu          00cce0e0 f   yuv_rgb.obj
 0001:000ce110       _yuv420_bgra_sseu          00ccf110 f   yuv_rgb.obj
 0001:000cf140       _yuv420_argb_sseu          00cd0140 f   yuv_rgb.obj
 0001:000d0170       _yuv420_abgr_sseu          00cd1170 f   yuv_rgb.obj
 0001:000d11a0       _yuv422_rgb565_sseu        00cd21a0 f   yuv_rgb.obj
 0001:000d24a0       _yuv422_rgb24_sseu         00cd34a0 f   yuv_rgb.obj
 0001:000d3cc0       _yuv422_rgba_sseu          00cd4cc0 f   yuv_rgb.obj
 0001:000d4f00       _yuv422_bgra_sseu          00cd5f00 f   yuv_rgb.obj
 0001:000d6140       _yuv422_argb_sseu          00cd7140 f   yuv_rgb.obj
 0001:000d7380       _yuv422_abgr_sseu          00cd8380 f   yuv_rgb.obj
 0001:000d85c0       _yuvnv12_rgb565_sseu       00cd95c0 f   yuv_rgb.obj
 0001:000d9740       _yuvnv12_rgb24_sseu        00cda740 f   yuv_rgb.obj
 0001:000dade0       _yuvnv12_rgba_sseu         00cdbde0 f   yuv_rgb.obj
 0001:000dbea0       _yuvnv12_bgra_sseu         00cdcea0 f   yuv_rgb.obj
 0001:000dcf60       _yuvnv12_argb_sseu         00cddf60 f   yuv_rgb.obj
 0001:000de020       _yuvnv12_abgr_sseu         00cdf020 f   yuv_rgb.obj
 0001:000df0e0       _rgb24_yuv420_std          00ce00e0 f   yuv_rgb.obj
 0001:000df950       _rgb24_yuv420_sse          00ce0950 f   yuv_rgb.obj
 0001:000e17c0       _rgb24_yuv420_sseu         00ce27c0 f   yuv_rgb.obj
 0001:000e3660       _calloc                    00ce4660 f   misc.obj
 0001:000e36c0       _free                      00ce46c0 f   misc.obj
 0001:000e37a0       _intToChar                 00ce47a0 f   misc.obj
 0001:000e37d0       _longjmp                   00ce47d0 f   misc.obj
 0001:000e3800       _setjmp                    00ce4800 f   misc.obj
 0001:000e3830       _strlen                    00ce4830 f   misc.obj
 0001:000e3860       _strcasecmp                00ce4860 f   misc.obj
 0001:000e3900       _strcmp                    00ce4900 f   misc.obj
 0001:000e3960       _malloc                    00ce4960 f   misc.obj
 0001:000e3b50       _memcmp                    00ce4b50 f   misc.obj
 0001:000e3bb0       _memmove                   00ce4bb0 f   misc.obj
 0001:000e3c20       _realloc                   00ce4c20 f   misc.obj
 0001:000e3cd0       _strchr                    00ce4cd0 f   misc.obj
 0001:000e3d20       _strdup                    00ce4d20 f   misc.obj
 0001:000e3d90       _strncmp                   00ce4d90 f   misc.obj
 0001:000e3df0       _strncpy                   00ce4df0 f   misc.obj
 0001:000e3e60       _memcpy                    00ce4e60 f   misc.obj
 0001:000e3eb0       _memset                    00ce4eb0 f   misc.obj
 0001:000e3ef0       _showAllocations           00ce4ef0 f   misc.obj
 0001:000e3fa0       _strrchr                   00ce4fa0 f   misc.obj
 0001:000e3ff0       _toupper                   00ce4ff0 f   misc.obj
 0001:000e4060       _snprintf_                 00ce5060 f   misc.obj
 0001:000e40a0       _vsnprintf_                00ce50a0 f   misc.obj
 0001:000e40d0       _strncasecmp               00ce50d0 f   misc.obj
 0001:000e50d0       _addAllocationToFreeMemoryArray 00ce60d0 f i misc.obj
 0001:000e5140       _FNT_GetFont               00ce6140 f   font.obj
 0001:000e5150       ??0GUI_Button@@QAE@PBDIPAVGUI_Window@@@Z 00ce6150 f   GUI_Button.obj
 0001:000e52f0       ??0GUI_Button@@QAE@PBDIPAVGUI_Window@@UGUI_Rect@@@Z 00ce62f0 f   GUI_Button.obj
 0001:000e5360       ?PaintToSurface@GUI_Button@@UAEXPAUSDL_Surface@@@Z 00ce6360 f   GUI_Button.obj
 0001:000e5390       ?OnClick@GUI_Button@@UAEXHH@Z 00ce6390 f   GUI_Button.obj
 0001:000e53f0       ?OnMouseUp@GUI_Button@@UAEXHH@Z 00ce63f0 f   GUI_Button.obj
 0001:000e5440       ?Resize@GUI_Button@@UAEXUGUI_Rect@@@Z 00ce6440 f   GUI_Button.obj
 0001:000e5490       ?CreateSurface@GUI_Button@@IAEPAUSDL_Surface@@XZ 00ce6490 f   GUI_Button.obj
 0001:000e5580       ??0GUI_Control@@QAE@PAVGUI_Window@@I@Z 00ce6580 f i GUI_Button.obj
 0001:000e55c0       ?GetSDL_Rect@GUI_Rect@@QAEPAUSDL_Rect@@XZ 00ce65c0 f i GUI_Button.obj
 0001:000e5600       ?GainFocus@GUI_Control@@UAEXXZ 00ce6600 f i GUI_Button.obj
 0001:000e5600       ?LoseFocus@GUI_Control@@UAEXXZ 00ce6600 f i GUI_Button.obj
 0001:000e5600       ?UpdateCursor@GUI_Control@@UAEXXZ 00ce6600 f i GUI_Button.obj
 0001:000e5610       ?MouseOver@GUI_Object@@UAE_NHH@Z 00ce6610 f i GUI_Button.obj
 0001:000e5620       ?OnDrag@GUI_Object@@UAEXHHHH@Z 00ce6620 f i GUI_Object.obj
 0001:000e5620       ?OnDrag@GUI_Control@@UAEXHHHH@Z 00ce6620 f i GUI_Button.obj
 0001:000e5630       ?OnHover@GUI_Control@@UAEXHH@Z 00ce6630 f i GUI_Button.obj
 0001:000e5630       ?OnClick@GUI_Object@@UAEXHH@Z 00ce6630 f i GUI_Object.obj
 0001:000e5630       ?OnMouseUp@GUI_Object@@UAEXHH@Z 00ce6630 f i GUI_Button.obj
 0001:000e5640       ?Resize@GUI_Control@@UAEXUGUI_Rect@@@Z 00ce6640 f i GUI_Button.obj
 0001:000e5670       ?OnClick@GUI_Control@@UAEXHH@Z 00ce6670 f   GUI_Control.obj
 0001:000e56a0       ??0GUI_EditControl@@QAE@UGUI_Rect@@PAVGUI_Window@@I@Z 00ce66a0 f   GUI_EditControl.obj
 0001:000e5720       ??1GUI_EditControl@@QAE@XZ 00ce6720 f   GUI_EditControl.obj
 0001:000e5750       ?CreateSurface@GUI_EditControl@@QAEXXZ 00ce6750 f   GUI_EditControl.obj
 0001:000e57f0       ?LoseFocus@GUI_EditControl@@UAEXXZ 00ce67f0 f   GUI_EditControl.obj
 0001:000e5840       ?OnClick@GUI_EditControl@@UAEXHH@Z 00ce6840 f   GUI_EditControl.obj
 0001:000e5860       ?PaintToSurface@GUI_EditControl@@UAEXPAUSDL_Surface@@@Z 00ce6860 f   GUI_EditControl.obj
 0001:000e5890       ?SendChar@GUI_EditControl@@UAEXD@Z 00ce6890 f   GUI_EditControl.obj
 0001:000e5ae0       ?UpdateCursor@GUI_EditControl@@UAEXXZ 00ce6ae0 f   GUI_EditControl.obj
 0001:000e5b70       ??1GUI_Control@@QAE@XZ     00ce6b70 f i GUI_EditControl.obj
 0001:000e5b70       ??1GUI_Window@@QAE@XZ      00ce6b70 f i GUI_RunWindow.obj
 0001:000e5b90       _GUI_Kernel_Callback       00ce6b90 f   GUI_Kernel_Shell.obj
 0001:000e5c20       ??0GUI_MessageBox@@QAE@PAD0@Z 00ce6c20 f   GUI_MessageBox.obj
 0001:000e5d90       ??0GUI_Window@@QAE@UGUI_Rect@@PBD@Z 00ce6d90 f i GUI_MessageBox.obj
 0001:000e5e30       ?SendChar@GUI_Control@@UAEXD@Z 00ce6e30 f i GUI_Button.obj
 0001:000e5e30       ?PaintToSurface@GUI_Object@@UAEXPAUSDL_Surface@@@Z 00ce6e30 f i GUI_Button.obj
 0001:000e5e30       ?SendWindowText@GUI_Window@@UAEXPBD@Z 00ce6e30 f i GUI_MessageBox.obj
 0001:000e5e40       ??0GUI_Object@@QAE@XZ      00ce6e40 f   GUI_Object.obj
 0001:000e5e60       ??1GUI_Object@@QAE@XZ      00ce6e60 f   GUI_Object.obj
 0001:000e5e80       ?PointInBounds@GUI_Object@@UAE_NHH@Z 00ce6e80 f   GUI_Object.obj
 0001:000e5ed0       ?DrawSystemMenu@GUI_Object@@IAEXPAUSDL_Surface@@PAD@Z 00ce6ed0 f   GUI_Object.obj
 0001:000e6260       ?DrawVerticalLine@GUI_Object@@IAEXPAUSDL_Surface@@HHHUSDL_Color@@@Z 00ce7260 f   GUI_Object.obj
 0001:000e62d0       ?DrawHorizontalLine@GUI_Object@@IAEXPAUSDL_Surface@@HHHUSDL_Color@@@Z 00ce72d0 f   GUI_Object.obj
 0001:000e6340       ?Draw3D_Box@GUI_Object@@IAEXPAUSDL_Surface@@HHHH@Z 00ce7340 f   GUI_Object.obj
 0001:000e6400       ?Draw3D_InsetBox@GUI_Object@@IAEXPAUSDL_Surface@@HHHH@Z 00ce7400 f   GUI_Object.obj
 0001:000e64c0       ?DrawBox@GUI_Object@@IAEXPAUSDL_Surface@@HHHHUSDL_Color@@@Z 00ce74c0 f   GUI_Object.obj
 0001:000e6550       ?FillSurface@GUI_Object@@IAEXPAUSDL_Surface@@USDL_Color@@@Z 00ce7550 f   GUI_Object.obj
 0001:000e65a0       ??0GUI_PopupMenu@@QAE@PAVGUI_Window@@P6AXH@ZW4POPUP_TYPE@@@Z 00ce75a0 f   GUI_PopupMenu.obj
 0001:000e6610       ??1GUI_PopupMenu@@QAE@XZ   00ce7610 f   GUI_PopupMenu.obj
 0001:000e6630       ?AddMenuItem@GUI_PopupMenu@@QAEXPADH@Z 00ce7630 f   GUI_PopupMenu.obj
 0001:000e66c0       ?CreateSurface@GUI_PopupMenu@@QAEXXZ 00ce76c0 f   GUI_PopupMenu.obj
 0001:000e67e0       ?Draw@GUI_PopupMenu@@QAEXH@Z 00ce77e0 f   GUI_PopupMenu.obj
 0001:000e6990       ?MouseOver@GUI_PopupMenu@@UAE_NHH@Z 00ce7990 f   GUI_PopupMenu.obj
 0001:000e6a10       ?OnClick@GUI_PopupMenu@@UAEXHH@Z 00ce7a10 f   GUI_PopupMenu.obj
 0001:000e6aa0       ?PaintToSurface@GUI_PopupMenu@@UAEXPAUSDL_Surface@@@Z 00ce7aa0 f   GUI_PopupMenu.obj
 0001:000e6af0       ?RegisterMenuHandler@GUI_PopupMenu@@QAEXP6AXH@Z@Z 00ce7af0 f   GUI_PopupMenu.obj
 0001:000e6b10       ?ShowMenu@GUI_PopupMenu@@QAEXUSDL_Point@@@Z 00ce7b10 f   GUI_PopupMenu.obj
 0001:000e6b60       ??0GUI_RunWindow@@QAE@XZ   00ce7b60 f   GUI_RunWindow.obj
 0001:000e6cb0       ??1GUI_RunWindow@@QAE@XZ   00ce7cb0 f   GUI_RunWindow.obj
 0001:000e6cd0       ?ControlClicked@GUI_RunWindow@@UAEXI@Z 00ce7cd0 f   GUI_RunWindow.obj
 0001:000e6d20       ??0GUI_Window@@QAE@HHHHPBD@Z 00ce7d20 f i GUI_RunWindow.obj
 0001:000e6dd0       ?Highlight@GUI_TaskbarButton@@QAEXXZ 00ce7dd0 f   GUI_Taskbar.obj
 0001:000e6e00       ?OnMouseUp@GUI_TaskbarButton@@UAEXHH@Z 00ce7e00 f   GUI_Taskbar.obj
 0001:000e6e10       ?UnClick@GUI_TaskbarButton@@QAEXXZ 00ce7e10 f   GUI_Taskbar.obj
 0001:000e6e40       ??0GUI_Taskbar@@QAE@II@Z   00ce7e40 f   GUI_Taskbar.obj
 0001:000e6fc0       ??1GUI_Taskbar@@QAE@XZ     00ce7fc0 f   GUI_Taskbar.obj
 0001:000e6fe0       ?AddWindow@GUI_Taskbar@@QAEXIPAVGUI_Window@@@Z 00ce7fe0 f   GUI_Taskbar.obj
 0001:000e7100       ?ButtonsChanged@GUI_Taskbar@@QAEXXZ 00ce8100 f   GUI_Taskbar.obj
 0001:000e7240       ?ControlClicked@GUI_Taskbar@@UAEXI@Z 00ce8240 f   GUI_Taskbar.obj
 0001:000e7310       ?OnDrag@GUI_Taskbar@@UAEXHHHH@Z 00ce8310 f   GUI_Taskbar.obj
 0001:000e7320       ?PaintToSurface@GUI_Taskbar@@UAEXPAUSDL_Surface@@@Z 00ce8320 f   GUI_Taskbar.obj
 0001:000e7360       ?RemoveWindow@GUI_Taskbar@@QAEXI@Z 00ce8360 f   GUI_Taskbar.obj
 0001:000e7450       ?WindowActivated@GUI_Taskbar@@QAEXI@Z 00ce8450 f   GUI_Taskbar.obj
 0001:000e74f0       ?StartMenuHandler@@YAXH@Z  00ce84f0 f   GUI_Taskbar.obj
 0001:000e7570       ??0GUI_TaskbarButton@@QAE@PBDIPAVGUI_Window@@UGUI_Rect@@@Z 00ce8570 f i GUI_Taskbar.obj
 0001:000e75b0       ??1GUI_Button@@QAE@XZ      00ce85b0 f i GUI_Taskbar.obj
 0001:000e75e0       ??1GUI_TaskbarButton@@QAE@XZ 00ce85e0 f i GUI_Taskbar.obj
 0001:000e7600       ??_GGUI_TaskbarButton@@QAEPAXI@Z 00ce8600 f i GUI_Taskbar.obj
 0001:000e7630       ??0GUI_TerminalWindow@@QAE@PBD@Z 00ce8630 f   GUI_TerminalWindow.obj
 0001:000e7760       ??1GUI_TerminalWindow@@QAE@XZ 00ce8760 f   GUI_TerminalWindow.obj
 0001:000e77a0       ?ScrollUp@GUI_TerminalWindow@@QAEXXZ 00ce87a0 f   GUI_TerminalWindow.obj
 0001:000e77d0       ?SendWindowText@GUI_TerminalWindow@@UAEXPBD@Z 00ce87d0 f   GUI_TerminalWindow.obj
 0001:000e7820       ?PutChar@GUI_TerminalWindow@@QAEXD@Z 00ce8820 f   GUI_TerminalWindow.obj
 0001:000e7900       ?PutEntryAt@GUI_TerminalWindow@@QAEXDII@Z 00ce8900 f   GUI_TerminalWindow.obj
 0001:000e7960       ?FNT_Generate@GUI_TerminalWindow@@QAE?AUFNT_xy@@PBDIIPAIU2@@Z 00ce8960 f   GUI_TerminalWindow.obj
 0001:000e7aa0       ?FNT_Render@GUI_TerminalWindow@@QAEXPBDUFNT_xy@@@Z 00ce8aa0 f   GUI_TerminalWindow.obj
 0001:000e7ad0       ?FNT_RenderMax@GUI_TerminalWindow@@QAEXPBDIUFNT_xy@@@Z 00ce8ad0 f   GUI_TerminalWindow.obj
 0001:000e7b10       ?ControlClicked@GUI_Window@@UAEXI@Z 00ce8b10 f   GUI_Window.obj
 0001:000e7b30       ?DrawWindow@GUI_Window@@QAEXXZ 00ce8b30 f   GUI_Window.obj
 0001:000e7b90       ?FillSurface@GUI_Window@@QAEXUSDL_Color@@@Z 00ce8b90 f   GUI_Window.obj
 0001:000e7be0       ?LoseFocus@GUI_Window@@UAEXXZ 00ce8be0 f   GUI_Window.obj
 0001:000e7c30       ?OnClick@GUI_Window@@UAEXHH@Z 00ce8c30 f   GUI_Window.obj
 0001:000e7d20       ?OnDrag@GUI_Window@@UAEXHHHH@Z 00ce8d20 f   GUI_Window.obj
 0001:000e7d60       ?OnMouseUp@GUI_Window@@UAEXHH@Z 00ce8d60 f   GUI_Window.obj
 0001:000e7db0       ?Resize@GUI_Window@@UAEXUGUI_Rect@@@Z 00ce8db0 f   GUI_Window.obj
 0001:000e7df0       ?SetBackgroundColor@GUI_Window@@QAEXUSDL_Color@@@Z 00ce8df0 f   GUI_Window.obj
 0001:000e7e10       ?SendChar@GUI_Window@@QAEXD@Z 00ce8e10 f   GUI_Window.obj
 0001:000e7e90       ?SetFocus@GUI_Window@@QAEXH@Z 00ce8e90 f   GUI_Window.obj
 0001:000e7f60       ?PaintToSurface@GUI_Window@@UAEXPAUSDL_Surface@@@Z 00ce8f60 f   GUI_Window.obj
 0001:000e7fe0       ?UpdateCursor@GUI_Window@@QAEXXZ 00ce8fe0 f   GUI_Window.obj
 0001:000e8030       ?CreateSurface@GUI_Window@@IAEXXZ 00ce9030 f   GUI_Window.obj
 0001:000e80a0       _AddNewWindow              00ce90a0 f   MyOS_GUI_Shell.obj
 0001:000e8150       _AddWindowToStack          00ce9150 f   MyOS_GUI_Shell.obj
 0001:000e81c0       _BringWindowID_ToFront     00ce91c0 f   MyOS_GUI_Shell.obj
 0001:000e8260       _BringWindowToFront        00ce9260 f   MyOS_GUI_Shell.obj
 0001:000e82c0       _CreateTextWindow          00ce92c0 f   MyOS_GUI_Shell.obj
 0001:000e83a0       _GetWindowFromID           00ce93a0 f   MyOS_GUI_Shell.obj
 0001:000e83f0       _NewWindowPosition         00ce93f0 f   MyOS_GUI_Shell.obj
 0001:000e8480       _MessageBox                00ce9480 f   MyOS_GUI_Shell.obj
 0001:000e8530       _MessageBoxf               00ce9530 f   MyOS_GUI_Shell.obj
 0001:000e8630       _Shell_Destroy_Window      00ce9630 f   MyOS_GUI_Shell.obj
 0001:000e8720       _Shell_Launch_App          00ce9720 f   MyOS_GUI_Shell.obj
 0001:000e8750       _FindWindowFromPoint       00ce9750 f   MyOS_GUI_Shell.obj
 0001:000e87a0       _RemoveWindowFromStack     00ce97a0 f   MyOS_GUI_Shell.obj
 0001:000e87f0       _GetBottomWindow           00ce97f0 f   MyOS_GUI_Shell.obj
 0001:000e8830       _DeleteAllWindowsInQueue   00ce9830 f   MyOS_GUI_Shell.obj
 0001:000e88a0       _DeleteWindow              00ce98a0 f   MyOS_GUI_Shell.obj
 0001:000e88e0       _main                      00ce98e0 f   MyOS_GUI_Shell.obj
 0001:000e90a0       ??$__vcrt_va_start_verify_argument_type@PAD@@YAXXZ 00cea0a0 f i MyOS_GUI_Shell.obj
 0001:000e90b0       ??_GGUI_Window@@QAEPAXI@Z  00cea0b0 f i MyOS_GUI_Shell.obj
 0001:000e90f0       _SDL_memcpy4               00cea0f0 f i MyOS_GUI_Shell.obj
 0001:000e9110       _FNT_Render                00cea110 f   spf.obj
 0001:000e9140       _FNT_RenderMax             00cea140 f   spf.obj
 0001:000e92b0       _FNT_Generate              00cea2b0 f   spf.obj
 0002:00000008       __real@00000000            00ceb008     SDL_audiocvt.obj
 0002:00000010       __real@0000000000000000    00ceb010     SDL_audiocvt.obj
 0002:00000018       __real@3b92e3b400000000    00ceb018     SDL_audiocvt.obj
 0002:00000020       __real@3f800000            00ceb020     SDL_audiocvt.obj
 0002:00000028       __real@3fbc36113404ea4b    00ceb028     SDL_audiocvt.obj
 0002:00000030       __real@3fe0000000000000    00ceb030     SDL_audiocvt.obj
 0002:00000038       __real@3fe8000000000000    00ceb038     SDL_audiocvt.obj
 0002:00000040       __real@3ff0000000000000    00ceb040     SDL_audiocvt.obj
 0002:00000048       __real@3ff8000000000000    00ceb048     SDL_audiocvt.obj
 0002:00000050       __real@4000000000000000    00ceb050     SDL_audiocvt.obj
 0002:00000058       __real@4004000000000000    00ceb058     SDL_audiocvt.obj
 0002:00000060       __real@4008000000000000    00ceb060     SDL_audiocvt.obj
 0002:00000068       __real@400921fb60000000    00ceb068     SDL_audiocvt.obj
 0002:00000070       __real@4010000000000000    00ceb070     SDL_audiocvt.obj
 0002:00000078       __real@4021666666666666    00ceb078     SDL_audiocvt.obj
 0002:00000080       __real@4054000000000000    00ceb080     SDL_audiocvt.obj
 0002:00000088       __real@4080000000000000    00ceb088     SDL_audiocvt.obj
 0002:00000090       __real@3e80000020000000    00ceb090     SDL_audiotypecvt.obj
 0002:00000098       __real@3f00000000000000    00ceb098     SDL_audiotypecvt.obj
 0002:000000a0       __real@3f80000000000000    00ceb0a0     SDL_audiotypecvt.obj
 0002:000000a8       __real@405fc00000000000    00ceb0a8     SDL_audiotypecvt.obj
 0002:000000b0       __real@40dfffc000000000    00ceb0b0     SDL_audiotypecvt.obj
 0002:000000b8       __real@415fffffc0000000    00ceb0b8     SDL_audiotypecvt.obj
[...]
 0003:00006d2c       $SG13361                   00cf6d2c     SDL_video.obj
 0003:00006d3c       $SG13363                   00cf6d3c     SDL_video.obj
 0003:00006d44       $SG13364                   00cf6d44     SDL_video.obj
 0003:00006d60       $SG13370                   00cf6d60     SDL_video.obj
 0003:00006d84       $SG14395                   00cf6d84     SDL_video.obj
 0003:00006da8       $SG13383                   00cf6da8     SDL_video.obj
 0003:00006db8       $SG14430                   00cf6db8     SDL_video.obj
 0003:00006dc8       $SG13415                   00cf6dc8     SDL_video.obj
 0003:00006dd8       $SG14487                   00cf6dd8     SDL_video.obj
 0003:00006df8       $SG14489                   00cf6df8     SDL_video.obj
 0003:00006e30       $SG14504                   00cf6e30     SDL_video.obj
 0003:00006e50       $SG14505                   00cf6e50     SDL_video.obj
 0003:00006e88       $SG13501                   00cf6e88     SDL_video.obj
 0003:00006eac       $SG13506                   00cf6eac     SDL_video.obj
 0003:00006ec4       $SG13515                   00cf6ec4     SDL_video.obj
 0003:00006ef4       $SG13519                   00cf6ef4     SDL_video.obj
 0003:00006f10       $SG13509                   00cf6f10     SDL_video.obj
 0003:00006f80       $SG13513                   00cf6f80     SDL_video.obj
 0003:00006ff0       $SG14551                   00cf6ff0     SDL_video.obj
 0003:00007000       $SG14553                   00cf7000     SDL_video.obj
 0003:0000702c       $SG14574                   00cf702c     SDL_video.obj
 0003:0000703c       $SG14576                   00cf703c     SDL_video.obj
 0003:00007068       $SG13555                   00cf7068     SDL_video.obj
 0003:000070d8       $SG13566                   00cf70d8     SDL_video.obj
 0003:00007104       $SG13568                   00cf7104     SDL_video.obj
 0003:00007134       $SG14602                   00cf7134     SDL_video.obj
 0003:00007144       $SG14613                   00cf7144     SDL_video.obj
 0003:0000716c       $SG13589                   00cf716c     SDL_video.obj
 0003:0000717c       $SG14616                   00cf717c     SDL_video.obj
 0003:000071a8       $SG13611                   00cf71a8     SDL_video.obj
 0003:000071b8       $SG14636                   00cf71b8     SDL_video.obj
 0003:000071c8       $SG14638                   00cf71c8     SDL_video.obj
 0003:000071f4       $SG14640                   00cf71f4     SDL_video.obj
 0003:00007224       $SG13624                   00cf7224     SDL_video.obj
 0003:00007234       $SG14661                   00cf7234     SDL_video.obj
 0003:00007244       $SG14663                   00cf7244     SDL_video.obj
 0003:0000724c       $SG13639                   00cf724c     SDL_video.obj
 0003:0000725c       $SG14664                   00cf725c     SDL_video.obj
 0003:00007278       $SG13654                   00cf7278     SDL_video.obj
 0003:00007288       $SG14702                   00cf7288     SDL_video.obj
 0003:00007298       $SG14703                   00cf7298     SDL_video.obj
 0003:000072b4       $SG14705                   00cf72b4     SDL_video.obj
 0003:000072d0       $SG14709                   00cf72d0     SDL_video.obj
 0003:000072ec       $SG13685                   00cf72ec     SDL_video.obj
 0003:000072fc       $SG13688                   00cf72fc     SDL_video.obj
 0003:00007304       $SG13689                   00cf7304     SDL_video.obj
 0003:00007320       $SG14724                   00cf7320     SDL_video.obj
 0003:00007324       $SG14727                   00cf7324     SDL_video.obj
 0003:00007338       $SG13717                   00cf7338     SDL_video.obj
 0003:00007348       $SG14743                   00cf7348     SDL_video.obj
 0003:00007358       $SG13720                   00cf7358     SDL_video.obj
 0003:00007360       $SG13721                   00cf7360     SDL_video.obj
 0003:0000737c       $SG13739                   00cf737c     SDL_video.obj
 0003:0000738c       _bootstrap                 00cf738c     SDL_video.obj
 0003:00007398       $SG12738                   00cf7398     SDL_video.obj
 0003:000073ac       $SG12740                   00cf73ac     SDL_video.obj
 0003:000073b8       $SG12741                   00cf73b8     SDL_video.obj
 0003:000073d8       $SG13768                   00cf73d8     SDL_video.obj
 0003:000073e8       $SG12746                   00cf73e8     SDL_video.obj
 0003:000073f0       $SG14796                   00cf73f0     SDL_video.obj
 0003:00007418       $SG14798                   00cf7418     SDL_video.obj
 0003:00007488       $SG14806                   00cf7488     SDL_video.obj
 0003:000074ac       $SG13793                   00cf74ac     SDL_video.obj
 0003:000074bc       $SG14828                   00cf74bc     SDL_video.obj
 0003:000074cc       $SG14830                   00cf74cc     SDL_video.obj
 0003:000074f8       $SG12782                   00cf74f8     SDL_video.obj
 0003:00007510       $SG14832                   00cf7510     SDL_video.obj
 0003:00007518       $SG12784                   00cf7518     SDL_video.obj
 0003:00007538       $SG14833                   00cf7538     SDL_video.obj
 0003:00007554       $SG12786                   00cf7554     SDL_video.obj
 0003:0000755c       $SG12787                   00cf755c     SDL_video.obj
 0003:00007564       $SG12788                   00cf7564     SDL_video.obj
 0003:00007570       $SG13813                   00cf7570     SDL_video.obj
 0003:00007580       $SG12792                   00cf7580     SDL_video.obj
 0003:0000758c       $SG12795                   00cf758c     SDL_video.obj
 0003:000075b8       $SG12797                   00cf75b8     SDL_video.obj
 0003:000075d0       $SG14848                   00cf75d0     SDL_video.obj
 0003:000075e0       $SG14850                   00cf75e0     SDL_video.obj
 0003:0000760c       $SG14852                   00cf760c     SDL_video.obj
 0003:00007618       $SG14853                   00cf7618     SDL_video.obj
 0003:00007634       $SG14855                   00cf7634     SDL_video.obj
 0003:0000763c       $SG14856                   00cf763c     SDL_video.obj
 0003:00007658       $SG13832                   00cf7658     SDL_video.obj
 0003:00007668       $SG13834                   00cf7668     SDL_video.obj
 0003:0000766c       $SG13835                   00cf766c     SDL_video.obj
 0003:00007688       $SG13837                   00cf7688     SDL_video.obj
 0003:0000768c       $SG13838                   00cf768c     SDL_video.obj
 0003:000076a8       $SG14871                   00cf76a8     SDL_video.obj
 0003:000076b8       $SG12827                   00cf76b8     SDL_video.obj
 0003:000076d0       $SG12830                   00cf76d0     SDL_video.obj
 0003:000076e8       $SG13862                   00cf76e8     SDL_video.obj
 0003:000076f8       $SG12842                   00cf76f8     SDL_video.obj
 0003:00007710       $SG13888                   00cf7710     SDL_video.obj
 0003:00007720       $SG12869                   00cf7720     SDL_video.obj
 0003:0000774c       $SG13904                   00cf774c     SDL_video.obj
 0003:0000775c       $SG13906                   00cf775c     SDL_video.obj
 0003:00007764       $SG13907                   00cf7764     SDL_video.obj
 0003:00007780       $SG13909                   00cf7780     SDL_video.obj
 0003:00007788       $SG13910                   00cf7788     SDL_video.obj
 0003:000077a4       $SG12896                   00cf77a4     SDL_video.obj
 0003:000077b8       $SG13914                   00cf77b8     SDL_video.obj
 0003:00007808       $SG12901                   00cf7808     SDL_video.obj
 0003:00007818       $SG13931                   00cf7818     SDL_video.obj
 0003:00007828       $SG12910                   00cf7828     SDL_video.obj
 0003:0000783c       $SG12911                   00cf783c     SDL_video.obj
 0003:00007858       $SG12914                   00cf7858     SDL_video.obj
 0003:00007884       $SG12917                   00cf7884     SDL_video.obj
 0003:000078a0       $SG13948                   00cf78a0     SDL_video.obj
 0003:000078b0       $SG13950                   00cf78b0     SDL_video.obj
 0003:000078b8       $SG13951                   00cf78b8     SDL_video.obj
 0003:000078d4       $SG13953                   00cf78d4     SDL_video.obj
 0003:000078dc       $SG13954                   00cf78dc     SDL_video.obj
 0003:000078f8       $SG13957                   00cf78f8     SDL_video.obj
 0003:00007948       $SG13974                   00cf7948     SDL_video.obj
 0003:00007958       $SG13987                   00cf7958     SDL_video.obj
 0003:00007968       $SG12967                   00cf7968     SDL_video.obj
 0003:00007994       $SG14000                   00cf7994     SDL_video.obj
 0003:000079a4       $SG12985                   00cf79a4     SDL_video.obj
 0003:000079d0       $SG14013                   00cf79d0     SDL_video.obj
 0003:000079e0       $SG14026                   00cf79e0     SDL_video.obj
 0003:000079f0       $SG13004                   00cf79f0     SDL_video.obj
 0003:00007a1c       $SG14044                   00cf7a1c     SDL_video.obj
 0003:00007a2c       $SG13028                   00cf7a2c     SDL_video.obj
 0003:00007a58       $SG14058                   00cf7a58     SDL_video.obj
 0003:00007a68       $SG14074                   00cf7a68     SDL_video.obj
 0003:00007a78       $SG13054                   00cf7a78     SDL_video.obj
 0003:00007aa4       $SG13074                   00cf7aa4     SDL_video.obj
 0003:00007ad0       $SG14108                   00cf7ad0     SDL_video.obj
 0003:00007ae0       $SG14123                   00cf7ae0     SDL_video.obj
 0003:00007af0       $SG13111                   00cf7af0     SDL_video.obj
 0003:00007b1c       $SG14138                   00cf7b1c     SDL_video.obj
 0003:00007b2c       $SG13132                   00cf7b2c     SDL_video.obj
 0003:00007b58       $SG14140                   00cf7b58     SDL_video.obj
 0003:00007bac       $SG14155                   00cf7bac     SDL_video.obj
 0003:00007bbc       $SG13135                   00cf7bbc     SDL_video.obj
 0003:00007be4       $SG14167                   00cf7be4     SDL_video.obj
 0003:00007bf4       $SG13155                   00cf7bf4     SDL_video.obj
 0003:00007c20       $SG14181                   00cf7c20     SDL_video.obj
 0003:00007c30       $SG14199                   00cf7c30     SDL_video.obj
 0003:00007c40       $SG13175                   00cf7c40     SDL_video.obj
 0003:00007c6c       $SG14217                   00cf7c6c     SDL_video.obj
 0003:00007c7c       $SG14221                   00cf7c7c     SDL_video.obj
 0003:00007c8c       $SG13198                   00cf7c8c     SDL_video.obj
 0003:00007cbc       $SG14233                   00cf7cbc     SDL_video.obj
 0003:00007ccc       $SG14262                   00cf7ccc     SDL_video.obj
 0003:00007cdc       $SG13245                   00cf7cdc     SDL_video.obj
 0003:00007d08       $SG13261                   00cf7d08     SDL_video.obj
 0003:00007d30       $SG13264                   00cf7d30     SDL_video.obj
 0003:00007d68       $SG14299                   00cf7d68     SDL_video.obj
 0003:00007d78       $SG13283                   00cf7d78     SDL_video.obj
 0003:00007da4       $SG13310                   00cf7da4     SDL_video.obj
 0003:00007db4       $SG14335                   00cf7db4     SDL_video.obj
 0003:00007dc8       $SG10258                   00cf7dc8     SDL_yuv.obj
 0003:00007e00       $SG10268                   00cf7e00     SDL_yuv.obj
 0003:00007e28       $SG10338                   00cf7e28     SDL_yuv.obj
 0003:00007e68       $SG10602                   00cf7e68     SDL_yuv.obj
 0003:00007eb8       _SDL_YUV_ConversionMode    00cf7eb8     SDL_yuv.obj
 0003:00007ebc       $SG9671                    00cf7ebc     SDL_yuv.obj
 0003:00007edc       $SG9718                    00cf7edc     SDL_yuv.obj
 0003:00007f08       $SG9727                    00cf7f08     SDL_yuv.obj
 0003:00007f34       $SG9887                    00cf7f34     SDL_yuv.obj
 0003:00007f50       $SG10882                   00cf7f50     SDL_yuv.obj
 0003:00007f9c       $SG10934                   00cf7f9c     SDL_yuv.obj
 0003:00007fc8       ?RGB2YUVFactorTables@?1??SDL_ConvertPixels_ARGB8888_to_YUV@@9@9 00cf7fc8     SDL_yuv.obj
 0003:00008040       $SG11002                   00cf8040     SDL_yuv.obj
 0003:00008068       $SG11038                   00cf8068     SDL_yuv.obj
 0003:000080ac       $SG3625                    00cf80ac     misc.obj
 0003:000080dc       $SG3644                    00cf80dc     misc.obj
 0003:00008110       $SG3645                    00cf8110     misc.obj
 0003:0000813c       $SG3646                    00cf813c     misc.obj
 0003:00008140       $SG3651                    00cf8140     misc.obj
 0003:0000814c       $SG3819                    00cf814c     misc.obj
 0003:00008174       $SG3825                    00cf8174     misc.obj
 0003:000081a4       $SG3865                    00cf81a4     misc.obj
 0003:000081c4       $SG3885                    00cf81c4     misc.obj
 0003:000081dc       $SG3888                    00cf81dc     misc.obj
 0003:000081ec       $SG3889                    00cf81ec     misc.obj
 0003:000081f0       $SG3890                    00cf81f0     misc.obj
 0003:00008220       $SG3893                    00cf8220     misc.obj
 0003:00008238       $SG3894                    00cf8238     misc.obj
 0003:000082a0       _locks                     00cf82a0     SDL_atomic.obj
 0003:00008320       ?_spinlock_mutex@?1??SDL_AtomicTryLock@@9@9 00cf8320     SDL_spinlock.obj
 0003:00008328       _current_audio             00cf8328     SDL_audio.obj
 0003:000083a4       _format_idx                00cf83a4     SDL_audio.obj
 0003:000083a8       _open_devices              00cf83a8     SDL_audio.obj
 0003:000083e8       _format_idx_sub            00cf83e8     SDL_audio.obj
 0003:000083ec       _ResampleFilterSpinlock    00cf83ec     SDL_audiocvt.obj
 0003:000083f0       _ResamplerFilter           00cf83f0     SDL_audiocvt.obj
 0003:000083f4       _ResamplerFilterDifference 00cf83f4     SDL_audiocvt.obj
 0003:000083f8       ?converters_chosen@?1??SDL_ChooseAudioConverters@@9@9 00cf83f8     SDL_audiotypecvt.obj
 0003:00008428       _MS_ADPCM_state            00cf8428     SDL_wave.obj
 0003:00008468       _IMA_ADPCM_state           00cf8468     SDL_wave.obj
 0003:0000848c       _CPU_CPUIDMaxFunction      00cf848c     SDL_cpuinfo.obj
 0003:00008490       _CPU_OSSavesYMM            00cf8490     SDL_cpuinfo.obj
 0003:00008494       _CPU_OSSavesZMM            00cf8494     SDL_cpuinfo.obj
 0003:00008498       ?checked@?1??CPU_calcCPUIDFeatures@@9@9 00cf8498     SDL_cpuinfo.obj
 0003:0000849c       _SDL_CPUCount              00cf849c     SDL_cpuinfo.obj
 0003:000084a0       _SDL_SystemRAM             00cf84a0     SDL_cpuinfo.obj
 0003:000084a4       _CPU_CPUIDFeatures         00cf84a4     SDL_cpuinfo.obj
 0003:000084b4       ?SDL_CPUType@?1??SDL_GetCPUType@@9@9 00cf84b4     SDL_cpuinfo.obj
 0003:000084c4       ?app_is_dropping@?1??SDL_SendDrop@@9@9 00cf84c4     SDL_dropevents.obj
 0003:000084c8       _SDL_event_watchers        00cf84c8     SDL_events.obj
 0003:000084cc       _SDL_event_watchers_count  00cf84cc     SDL_events.obj
 0003:000084d0       _SDL_event_watchers_dispatching 00cf84d0     SDL_events.obj
 0003:000084d4       _SDL_event_watchers_removed 00cf84d4     SDL_events.obj
 0003:000084d8       _SDL_DoEventLogging        00cf84d8     SDL_events.obj
 0003:000084dc       _SDL_event_watchers_lock   00cf84dc     SDL_events.obj
 0003:000084e0       _SDL_EventOK               00cf84e0     SDL_events.obj
 0003:000084f0       _SDL_disabled_events       00cf84f0     SDL_events.obj
 0003:000088f0       _SDL_numGestureTouches     00cf88f0     SDL_gesture.obj
 0003:000088f4       _SDL_gestureTouch          00cf88f4     SDL_gesture.obj
 0003:000088f8       _recordAll                 00cf88f8     SDL_gesture.obj
 0003:00008900       $SG6700                    00cf8900     SDL_keyboard.obj
 0003:00008901       $SG6703                    00cf8901     SDL_keyboard.obj
 0003:00008908       _SDL_keyboard              00cf8908     SDL_keyboard.obj
 0003:00009310       ?name@?1??SDL_GetKeyName@@9@9 00cf9310     SDL_keyboard.obj
 0003:00009318       _track_mouse_down          00cf9318     SDL_mouse.obj
 0003:00009320       _SDL_mouse                 00cf9320     SDL_mouse.obj
 0003:000093c0       _SDL_num_touch             00cf93c0     SDL_touch.obj
 0003:000093c4       _SDL_touchDevices          00cf93c4     SDL_touch.obj
 0003:000093c8       _finger_touching           00cf93c8     SDL_touch.obj
 0003:000093d0       _track_fingerid            00cf93d0     SDL_touch.obj
 0003:000093d8       _track_touchid             00cf93d8     SDL_touch.obj
 0003:000093e0       _renderer_magic            00cf93e0     SDL_render.obj
 0003:000093e1       _texture_magic             00cf93e1     SDL_render.obj
 0003:000093e4       _SDL_bInMainQuit           00cf93e4     SDL.obj
 0003:000093e8       _SDL_SubsystemRefCount     00cf93e8     SDL.obj
 0003:00009408       _triggered_assertions      00cf9408     SDL_assert.obj
 0003:0000940c       _assertion_userdata        00cf940c     SDL_assert.obj
 0003:00009410       $SG12008                   00cf9410     SDL_assert.obj
 0003:00009414       ?assertion_running@?1??SDL_ReportAssertion@@9@9 00cf9414     SDL_assert.obj
 0003:00009418       _SDL_global_error          00cf9418     SDL_error.obj
 0003:00009720       ?errmsg@?1??SDL_GetError@@9@9 00cf9720     SDL_error.obj
 0003:00009b20       _SDL_hints                 00cf9b20     SDL_hints.obj
 0003:00009b24       _SDL_log_userdata          00cf9b24     SDL_log.obj
 0003:00009b28       _SDL_loglevels             00cf9b28     SDL_log.obj
 0003:00009b2c       _SDL_env                   00cf9b2c     SDL_getenv.obj
 0003:00009b30       $SG3169                    00cf9b30     SDL_string.obj
 0003:00009b38       ?SDL_tls_id@?1??SDL_TLSCreate@@9@9 00cf9b38     SDL_thread.obj
 0003:00009b3c       _SDL_generic_TLS_mutex     00cf9b3c     SDL_thread.obj
 0003:00009b40       _SDL_generic_TLS           00cf9b40     SDL_thread.obj
 0003:00009b44       ?tls_lock@?1??SDL_GetErrBuf@@9@9 00cf9b44     SDL_thread.obj
 0003:00009b48       ?tls_being_created@?1??SDL_GetErrBuf@@9@9 00cf9b48     SDL_thread.obj
 0003:00009b4c       ?tls_errbuf@?1??SDL_GetErrBuf@@9@9 00cf9b4c     SDL_thread.obj
 0003:00009b50       ?SDL_global_errbuf@?1??SDL_GetErrBuf@@9@9 00cf9b50     SDL_thread.obj
 0003:00009e58       _ticks_started             00cf9e58     SDL_systimer.obj
 0003:00009e60       _SDL_timer_data            00cf9e60     SDL_timer.obj
 0003:00009f08       ?frame_number@?1??SDL_DUMMY_UpdateWindowFramebuffer@@9@9 00cf9f08     SDL_nullframebuffer.obj
 0003:00009f18       ?frame_number@?1??SDL_MYOS_UpdateWindowFramebuffer@@9@9 00cf9f18     SDL_myosframebuffer.obj
 0003:0000a720       $SG8917                    00cfa720     SDL_bmp.obj
 0003:0000a721       $SG9057                    00cfa721     SDL_bmp.obj
 0003:0000a722       $SG4418                    00cfa722     SDL_clipboard.obj
 0003:0000a723       $SG4427                    00cfa723     SDL_clipboard.obj
 0003:0000a724       $SG4431                    00cfa724     SDL_clipboard.obj
 0003:0000a728       _formats_lock              00cfa728     SDL_pixels.obj
 0003:0000a72c       _formats                   00cfa72c     SDL_pixels.obj
 0003:0000a730       $SG13626                   00cfa730     SDL_video.obj
 0003:0000a731       $SG13636                   00cfa731     SDL_video.obj
 0003:0000a732       $SG13640                   00cfa732     SDL_video.obj
 0003:0000a733       $SG13641                   00cfa733     SDL_video.obj
 0003:0000a734       __this                     00cfa734     SDL_video.obj
 0004:00000060       $R000000                   00d0e060     * linker generated manifest res *

 Exports

  ordinal    name

